Archive member included to satisfy reference by file (symbol)

C:/ST/STM32CubeIDE_1.14.0/STM32CubeIDE/plugins/com.st.stm32cube.ide.mcu.externaltools.gnu-tools-for-stm32.12.3.rel1.win32_1.0.100.202403111256/tools/bin/../lib/gcc/arm-none-eabi/12.3.1/../../../../arm-none-eabi/lib/thumb/v7-m/nofp\libc_nano.a(libc_a-exit.o)
                              C:/ST/STM32CubeIDE_1.14.0/STM32CubeIDE/plugins/com.st.stm32cube.ide.mcu.externaltools.gnu-tools-for-stm32.12.3.rel1.win32_1.0.100.202403111256/tools/bin/../lib/gcc/arm-none-eabi/12.3.1/../../../../arm-none-eabi/lib/thumb/v7-m/nofp/crt0.o (exit)
C:/ST/STM32CubeIDE_1.14.0/STM32CubeIDE/plugins/com.st.stm32cube.ide.mcu.externaltools.gnu-tools-for-stm32.12.3.rel1.win32_1.0.100.202403111256/tools/bin/../lib/gcc/arm-none-eabi/12.3.1/../../../../arm-none-eabi/lib/thumb/v7-m/nofp\libc_nano.a(libc_a-findfp.o)
                              C:/ST/STM32CubeIDE_1.14.0/STM32CubeIDE/plugins/com.st.stm32cube.ide.mcu.externaltools.gnu-tools-for-stm32.12.3.rel1.win32_1.0.100.202403111256/tools/bin/../lib/gcc/arm-none-eabi/12.3.1/../../../../arm-none-eabi/lib/thumb/v7-m/nofp\libc_nano.a(libc_a-exit.o) (__stdio_exit_handler)
C:/ST/STM32CubeIDE_1.14.0/STM32CubeIDE/plugins/com.st.stm32cube.ide.mcu.externaltools.gnu-tools-for-stm32.12.3.rel1.win32_1.0.100.202403111256/tools/bin/../lib/gcc/arm-none-eabi/12.3.1/../../../../arm-none-eabi/lib/thumb/v7-m/nofp\libc_nano.a(libc_a-fwalk.o)
                              C:/ST/STM32CubeIDE_1.14.0/STM32CubeIDE/plugins/com.st.stm32cube.ide.mcu.externaltools.gnu-tools-for-stm32.12.3.rel1.win32_1.0.100.202403111256/tools/bin/../lib/gcc/arm-none-eabi/12.3.1/../../../../arm-none-eabi/lib/thumb/v7-m/nofp\libc_nano.a(libc_a-findfp.o) (_fwalk_sglue)
C:/ST/STM32CubeIDE_1.14.0/STM32CubeIDE/plugins/com.st.stm32cube.ide.mcu.externaltools.gnu-tools-for-stm32.12.3.rel1.win32_1.0.100.202403111256/tools/bin/../lib/gcc/arm-none-eabi/12.3.1/../../../../arm-none-eabi/lib/thumb/v7-m/nofp\libc_nano.a(libc_a-stdio.o)
                              C:/ST/STM32CubeIDE_1.14.0/STM32CubeIDE/plugins/com.st.stm32cube.ide.mcu.externaltools.gnu-tools-for-stm32.12.3.rel1.win32_1.0.100.202403111256/tools/bin/../lib/gcc/arm-none-eabi/12.3.1/../../../../arm-none-eabi/lib/thumb/v7-m/nofp\libc_nano.a(libc_a-findfp.o) (__sread)
C:/ST/STM32CubeIDE_1.14.0/STM32CubeIDE/plugins/com.st.stm32cube.ide.mcu.externaltools.gnu-tools-for-stm32.12.3.rel1.win32_1.0.100.202403111256/tools/bin/../lib/gcc/arm-none-eabi/12.3.1/../../../../arm-none-eabi/lib/thumb/v7-m/nofp\libc_nano.a(libc_a-memset.o)
                              C:/ST/STM32CubeIDE_1.14.0/STM32CubeIDE/plugins/com.st.stm32cube.ide.mcu.externaltools.gnu-tools-for-stm32.12.3.rel1.win32_1.0.100.202403111256/tools/bin/../lib/gcc/arm-none-eabi/12.3.1/../../../../arm-none-eabi/lib/thumb/v7-m/nofp/crt0.o (memset)
C:/ST/STM32CubeIDE_1.14.0/STM32CubeIDE/plugins/com.st.stm32cube.ide.mcu.externaltools.gnu-tools-for-stm32.12.3.rel1.win32_1.0.100.202403111256/tools/bin/../lib/gcc/arm-none-eabi/12.3.1/../../../../arm-none-eabi/lib/thumb/v7-m/nofp\libc_nano.a(libc_a-closer.o)
                              C:/ST/STM32CubeIDE_1.14.0/STM32CubeIDE/plugins/com.st.stm32cube.ide.mcu.externaltools.gnu-tools-for-stm32.12.3.rel1.win32_1.0.100.202403111256/tools/bin/../lib/gcc/arm-none-eabi/12.3.1/../../../../arm-none-eabi/lib/thumb/v7-m/nofp\libc_nano.a(libc_a-stdio.o) (_close_r)
C:/ST/STM32CubeIDE_1.14.0/STM32CubeIDE/plugins/com.st.stm32cube.ide.mcu.externaltools.gnu-tools-for-stm32.12.3.rel1.win32_1.0.100.202403111256/tools/bin/../lib/gcc/arm-none-eabi/12.3.1/../../../../arm-none-eabi/lib/thumb/v7-m/nofp\libc_nano.a(libc_a-reent.o)
                              C:/ST/STM32CubeIDE_1.14.0/STM32CubeIDE/plugins/com.st.stm32cube.ide.mcu.externaltools.gnu-tools-for-stm32.12.3.rel1.win32_1.0.100.202403111256/tools/bin/../lib/gcc/arm-none-eabi/12.3.1/../../../../arm-none-eabi/lib/thumb/v7-m/nofp\libc_nano.a(libc_a-closer.o) (errno)
C:/ST/STM32CubeIDE_1.14.0/STM32CubeIDE/plugins/com.st.stm32cube.ide.mcu.externaltools.gnu-tools-for-stm32.12.3.rel1.win32_1.0.100.202403111256/tools/bin/../lib/gcc/arm-none-eabi/12.3.1/../../../../arm-none-eabi/lib/thumb/v7-m/nofp\libc_nano.a(libc_a-impure.o)
                              C:/ST/STM32CubeIDE_1.14.0/STM32CubeIDE/plugins/com.st.stm32cube.ide.mcu.externaltools.gnu-tools-for-stm32.12.3.rel1.win32_1.0.100.202403111256/tools/bin/../lib/gcc/arm-none-eabi/12.3.1/../../../../arm-none-eabi/lib/thumb/v7-m/nofp\libc_nano.a(libc_a-reent.o) (_impure_ptr)
C:/ST/STM32CubeIDE_1.14.0/STM32CubeIDE/plugins/com.st.stm32cube.ide.mcu.externaltools.gnu-tools-for-stm32.12.3.rel1.win32_1.0.100.202403111256/tools/bin/../lib/gcc/arm-none-eabi/12.3.1/../../../../arm-none-eabi/lib/thumb/v7-m/nofp\libc_nano.a(libc_a-lseekr.o)
[...]
Memory Configuration

Name             Origin             Length             Attributes
RAM              0x20000000         0x00005000         xrw
FLASH            0x08000000         0x00010000         xr
*default*        0x00000000         0xffffffff

Linker script and memory map

LOAD C:/ST/STM32CubeIDE_1.14.0/STM32CubeIDE/plugins/com.st.stm32cube.ide.mcu.externaltools.gnu-tools-for-stm32.12.3.rel1.win32_1.0.100.202403111256/tools/bin/../lib/gcc/arm-none-eabi/12.3.1/thumb/v7-m/nofp/crti.o
LOAD C:/ST/STM32CubeIDE_1.14.0/STM32CubeIDE/plugins/com.st.stm32cube.ide.mcu.externaltools.gnu-tools-for-stm32.12.3.rel1.win32_1.0.100.202403111256/tools/bin/../lib/gcc/arm-none-eabi/12.3.1/thumb/v7-m/nofp/crtbegin.o
LOAD C:/ST/STM32CubeIDE_1.14.0/STM32CubeIDE/plugins/com.st.stm32cube.ide.mcu.externaltools.gnu-tools-for-stm32.12.3.rel1.win32_1.0.100.202403111256/tools/bin/../lib/gcc/arm-none-eabi/12.3.1/../../../../arm-none-eabi/lib/thumb/v7-m/nofp/crt0.o
LOAD ./Core/Src/fp_interface.o
LOAD ./Core/Src/main.o
LOAD ./Core/Src/stm32f1xx_hal_msp.o
LOAD ./Core/Src/stm32f1xx_it.o
LOAD ./Core/Src/syscalls.o
LOAD ./Core/Src/sysmem.o
LOAD ./Core/Src/system_stm32f1xx.o
LOAD ./Core/Startup/startup_stm32f103c8tx.o
LOAD ./Drivers/STM32F1xx_HAL_Driver/Src/stm32f1xx_hal.o
LOAD ./Drivers/STM32F1xx_HAL_Driver/Src/stm32f1xx_hal_cortex.o
LOAD ./Drivers/STM32F1xx_HAL_Driver/Src/stm32f1xx_hal_dma.o
LOAD ./Drivers/STM32F1xx_HAL_Driver/Src/stm32f1xx_hal_exti.o
LOAD ./Drivers/STM32F1xx_HAL_Driver/Src/stm32f1xx_hal_flash.o
LOAD ./Drivers/STM32F1xx_HAL_Driver/Src/stm32f1xx_hal_flash_ex.o
LOAD ./Drivers/STM32F1xx_HAL_Driver/Src/stm32f1xx_hal_gpio.o
LOAD ./Drivers/STM32F1xx_HAL_Driver/Src/stm32f1xx_hal_gpio_ex.o
LOAD ./Drivers/STM32F1xx_HAL_Driver/Src/stm32f1xx_hal_pcd.o
LOAD ./Drivers/STM32F1xx_HAL_Driver/Src/stm32f1xx_hal_pcd_ex.o
LOAD ./Drivers/STM32F1xx_HAL_Driver/Src/stm32f1xx_hal_pwr.o
LOAD ./Drivers/STM32F1xx_HAL_Driver/Src/stm32f1xx_hal_rcc.o
LOAD ./Drivers/STM32F1xx_HAL_Driver/Src/stm32f1xx_hal_rcc_ex.o
LOAD ./Drivers/STM32F1xx_HAL_Driver/Src/stm32f1xx_hal_tim.o
LOAD ./Drivers/STM32F1xx_HAL_Driver/Src/stm32f1xx_hal_tim_ex.o
LOAD ./Drivers/STM32F1xx_HAL_Driver/Src/stm32f1xx_hal_uart.o
LOAD ./Drivers/STM32F1xx_HAL_Driver/Src/stm32f1xx_ll_usb.o
LOAD ./Middlewares/ST/STM32_USB_Device_Library/Class/CDC/Src/usbd_cdc.o
LOAD ./Middlewares/ST/STM32_USB_Device_Library/Core/Src/usbd_core.o
LOAD ./Middlewares/ST/STM32_USB_Device_Library/Core/Src/usbd_ctlreq.o
LOAD ./Middlewares/ST/STM32_USB_Device_Library/Core/Src/usbd_ioreq.o
LOAD ./USB_DEVICE/App/usb_device.o
LOAD ./USB_DEVICE/App/usbd_cdc_if.o
LOAD ./USB_DEVICE/App/usbd_desc.o
LOAD ./USB_DEVICE/Target/usbd_conf.o
START GROUP
LOAD C:/ST/STM32CubeIDE_1.14.0/STM32CubeIDE/plugins/com.st.stm32cube.ide.mcu.externaltools.gnu-tools-for-stm32.12.3.rel1.win32_1.0.100.202403111256/tools/bin/../lib/gcc/arm-none-eabi/12.3.1/../../../../arm-none-eabi/lib/thumb/v7-m/nofp\libc_nano.a
LOAD C:/ST/STM32CubeIDE_1.14.0/STM32CubeIDE/plugins/com.st.stm32cube.ide.mcu.externaltools.gnu-tools-for-stm32.12.3.rel1.win32_1.0.100.202403111256/tools/bin/../lib/gcc/arm-none-eabi/12.3.1/../../../../arm-none-eabi/lib/thumb/v7-m/nofp\libm.a
END GROUP
START GROUP
LOAD C:/ST/STM32CubeIDE_1.14.0/STM32CubeIDE/plugins/com.st.stm32cube.ide.mcu.externaltools.gnu-tools-for-stm32.12.3.rel1.win32_1.0.100.202403111256/tools/bin/../lib/gcc/arm-none-eabi/12.3.1/thumb/v7-m/nofp\libgcc.a
LOAD C:/ST/STM32CubeIDE_1.14.0/STM32CubeIDE/plugins/com.st.stm32cube.ide.mcu.externaltools.gnu-tools-for-stm32.12.3.rel1.win32_1.0.100.202403111256/tools/bin/../lib/gcc/arm-none-eabi/12.3.1/../../../../arm-none-eabi/lib/thumb/v7-m/nofp\libc_nano.a
END GROUP
START GROUP
LOAD C:/ST/STM32CubeIDE_1.14.0/STM32CubeIDE/plugins/com.st.stm32cube.ide.mcu.externaltools.gnu-tools-for-stm32.12.3.rel1.win32_1.0.100.202403111256/tools/bin/../lib/gcc/arm-none-eabi/12.3.1/thumb/v7-m/nofp\libgcc.a
LOAD C:/ST/STM32CubeIDE_1.14.0/STM32CubeIDE/plugins/com.st.stm32cube.ide.mcu.externaltools.gnu-tools-for-stm32.12.3.rel1.win32_1.0.100.202403111256/tools/bin/../lib/gcc/arm-none-eabi/12.3.1/../../../../arm-none-eabi/lib/thumb/v7-m/nofp\libc_nano.a
LOAD C:/ST/STM32CubeIDE_1.14.0/STM32CubeIDE/plugins/com.st.stm32cube.ide.mcu.externaltools.gnu-tools-for-stm32.12.3.rel1.win32_1.0.100.202403111256/tools/bin/../lib/gcc/arm-none-eabi/12.3.1/../../../../arm-none-eabi/lib/thumb/v7-m/nofp\libnosys.a
END GROUP
START GROUP
LOAD C:/ST/STM32CubeIDE_1.14.0/STM32CubeIDE/plugins/com.st.stm32cube.ide.mcu.externaltools.gnu-tools-for-stm32.12.3.rel1.win32_1.0.100.202403111256/tools/bin/../lib/gcc/arm-none-eabi/12.3.1/thumb/v7-m/nofp\libgcc.a
LOAD C:/ST/STM32CubeIDE_1.14.0/STM32CubeIDE/plugins/com.st.stm32cube.ide.mcu.externaltools.gnu-tools-for-stm32.12.3.rel1.win32_1.0.100.202403111256/tools/bin/../lib/gcc/arm-none-eabi/12.3.1/../../../../arm-none-eabi/lib/thumb/v7-m/nofp\libc_nano.a
LOAD C:/ST/STM32CubeIDE_1.14.0/STM32CubeIDE/plugins/com.st.stm32cube.ide.mcu.externaltools.gnu-tools-for-stm32.12.3.rel1.win32_1.0.100.202403111256/tools/bin/../lib/gcc/arm-none-eabi/12.3.1/../../../../arm-none-eabi/lib/thumb/v7-m/nofp\libnosys.a
END GROUP
LOAD C:/ST/STM32CubeIDE_1.14.0/STM32CubeIDE/plugins/com.st.stm32cube.ide.mcu.externaltools.gnu-tools-for-stm32.12.3.rel1.win32_1.0.100.202403111256/tools/bin/../lib/gcc/arm-none-eabi/12.3.1/thumb/v7-m/nofp/crtend.o
LOAD C:/ST/STM32CubeIDE_1.14.0/STM32CubeIDE/plugins/com.st.stm32cube.ide.mcu.externaltools.gnu-tools-for-stm32.12.3.rel1.win32_1.0.100.202403111256/tools/bin/../lib/gcc/arm-none-eabi/12.3.1/thumb/v7-m/nofp/crtn.o
                0x20005000                        _estack = (ORIGIN (RAM) + LENGTH (RAM))
                0x00000200                        _Min_Heap_Size = 0x200
                0x00000400                        _Min_Stack_Size = 0x400

.isr_vector     0x08000000      0x10c
                0x08000000                        . = ALIGN (0x4)
 *(.isr_vector)
 .isr_vector    0x08000000      0x10c ./Core/Startup/startup_stm32f103c8tx.o
                0x08000000                g_pfnVectors
                0x0800010c                        . = ALIGN (0x4)

.text           0x0800010c     0x9460
                0x0800010c                        . = ALIGN (0x4)
 *(.text)
 .text          0x0800010c       0x40 C:/ST/STM32CubeIDE_1.14.0/STM32CubeIDE/plugins/com.st.stm32cube.ide.mcu.externaltools.gnu-tools-for-stm32.12.3.rel1.win32_1.0.100.202403111256/tools/bin/../lib/gcc/arm-none-eabi/12.3.1/thumb/v7-m/nofp/crtbegin.o
 .text          0x0800014c       0x10 C:/ST/STM32CubeIDE_1.14.0/STM32CubeIDE/plugins/com.st.stm32cube.ide.mcu.externaltools.gnu-tools-for-stm32.12.3.rel1.win32_1.0.100.202403111256/tools/bin/../lib/gcc/arm-none-eabi/12.3.1/../../../../arm-none-eabi/lib/thumb/v7-m/nofp\libc_nano.a(libc_a-strlen.o)
                0x0800014c                strlen
 *(.text*)
 .text.fp_init  0x0800015c        0xc ./Core/Src/fp_interface.o
                0x0800015c                fp_init
 .text.PS_ValidTempleteNum
                0x08000168       0x3a ./Core/Src/fp_interface.o
                0x08000168                PS_ValidTempleteNum
 *fill*         0x080001a2        0x2 
 .text.write_directive_command
                0x080001a4      0x158 ./Core/Src/fp_interface.o
                0x080001a4                write_directive_command
 .text.decode_rx_frame
                0x080002fc      0x304 ./Core/Src/fp_interface.o
                0x080002fc                decode_rx_frame
 .text.PS_AutoEnroll
                0x08000600       0x7a ./Core/Src/fp_interface.o
                0x08000600                PS_AutoEnroll
 .text.PS_AutoIdentify
                0x0800067a       0x76 ./Core/Src/fp_interface.o
                0x0800067a                PS_AutoIdentify
 .text.PS_GetImage
                0x080006f0       0x2e ./Core/Src/fp_interface.o
                0x080006f0                PS_GetImage
 .text.PS_Empty
                0x0800071e       0x2e ./Core/Src/fp_interface.o
                0x0800071e                PS_Empty
 .text.flush_buff
                0x0800074c       0x20 ./Core/Src/fp_interface.o
                0x0800074c                flush_buff
 .text.is_fp_detected
                0x0800076c       0x14 ./Core/Src/fp_interface.o
                0x0800076c                is_fp_detected
 .text.clear_fp_flag
                0x08000780       0x18 ./Core/Src/fp_interface.o
                0x08000780                clear_fp_flag
 .text.MX_USART1_UART_Init
                0x08000798       0x54 ./Core/Src/fp_interface.o
 .text.HAL_GPIO_EXTI_Callback
                0x080007ec       0x20 ./Core/Src/fp_interface.o
                0x080007ec                HAL_GPIO_EXTI_Callback
 .text.main     0x0800080c      0x59c ./Core/Src/main.o
                0x0800080c                main
 .text.SystemClock_Config
                0x08000da8       0xb4 ./Core/Src/main.o
                0x08000da8                SystemClock_Config
 .text.MX_USART1_UART_Init
                0x08000e5c       0x54 ./Core/Src/main.o
 .text.MX_USART2_UART_Init
                0x08000eb0       0x54 ./Core/Src/main.o
 .text.MX_GPIO_Init
                0x08000f04      0x120 ./Core/Src/main.o
 .text.HAL_UART_RxCpltCallback
                0x08001024       0x38 ./Core/Src/main.o
                0x08001024                HAL_UART_RxCpltCallback
 .text.HAL_UART_ErrorCallback
                0x0800105c       0x12 ./Core/Src/main.o
                0x0800105c                HAL_UART_ErrorCallback
 .text.Error_Handler
                0x0800106e        0xc ./Core/Src/main.o
                0x0800106e                Error_Handler
 *fill*         0x0800107a        0x2 
 .text.HAL_MspInit
                0x0800107c       0x74 ./Core/Src/stm32f1xx_hal_msp.o
                0x0800107c                HAL_MspInit
 .text.HAL_UART_MspInit
                0x080010f0      0x118 ./Core/Src/stm32f1xx_hal_msp.o
                0x080010f0                HAL_UART_MspInit
 .text.NMI_Handler
                0x08001208        0x8 ./Core/Src/stm32f1xx_it.o
                0x08001208                NMI_Handler
 .text.HardFault_Handler
                0x08001210        0x8 ./Core/Src/stm32f1xx_it.o
                0x08001210                HardFault_Handler
 .text.MemManage_Handler
                0x08001218        0x8 ./Core/Src/stm32f1xx_it.o
                0x08001218                MemManage_Handler
 .text.BusFault_Handler
                0x08001220        0x8 ./Core/Src/stm32f1xx_it.o
                0x08001220                BusFault_Handler
 .text.UsageFault_Handler
                0x08001228        0x8 ./Core/Src/stm32f1xx_it.o
                0x08001228                UsageFault_Handler
 .text.SVC_Handler
                0x08001230        0xc ./Core/Src/stm32f1xx_it.o
                0x08001230                SVC_Handler
 .text.DebugMon_Handler
                0x0800123c        0xc ./Core/Src/stm32f1xx_it.o
                0x0800123c                DebugMon_Handler
 .text.PendSV_Handler
                0x08001248        0xc ./Core/Src/stm32f1xx_it.o
                0x08001248                PendSV_Handler
 .text.SysTick_Handler
                0x08001254        0xc ./Core/Src/stm32f1xx_it.o
                0x08001254                SysTick_Handler
 .text.RCC_IRQHandler
                0x08001260        0xc ./Core/Src/stm32f1xx_it.o
                0x08001260                RCC_IRQHandler
 .text.EXTI4_IRQHandler
                0x0800126c        0xe ./Core/Src/stm32f1xx_it.o
                0x0800126c                EXTI4_IRQHandler
 *fill*         0x0800127a        0x2 
 .text.USB_LP_CAN1_RX0_IRQHandler
                0x0800127c       0x14 ./Core/Src/stm32f1xx_it.o
                0x0800127c                USB_LP_CAN1_RX0_IRQHandler
 .text.USART2_IRQHandler
                0x08001290       0x14 ./Core/Src/stm32f1xx_it.o
                0x08001290                USART2_IRQHandler
 .text.SystemInit
                0x080012a4        0xc ./Core/Src/system_stm32f1xx.o
                0x080012a4                SystemInit
 .text.Reset_Handler
                0x080012b0       0x48 ./Core/Startup/startup_stm32f103c8tx.o
                0x080012b0                Reset_Handler
 .text.Default_Handler
                0x080012f8        0x2 ./Core/Startup/startup_stm32f103c8tx.o
                0x080012f8                RTC_Alarm_IRQHandler
                0x080012f8                EXTI2_IRQHandler
                0x080012f8                TIM1_CC_IRQHandler
                0x080012f8                PVD_IRQHandler
                0x080012f8                EXTI3_IRQHandler
                0x080012f8                EXTI0_IRQHandler
                0x080012f8                I2C2_EV_IRQHandler
                0x080012f8                ADC1_2_IRQHandler
                0x080012f8                SPI1_IRQHandler
                0x080012f8                TAMPER_IRQHandler
                0x080012f8                DMA1_Channel4_IRQHandler
                0x080012f8                USART3_IRQHandler
                0x080012f8                RTC_IRQHandler
                0x080012f8                DMA1_Channel7_IRQHandler
                0x080012f8                CAN1_RX1_IRQHandler
                0x080012f8                TIM4_IRQHandler
                0x080012f8                I2C1_EV_IRQHandler
                0x080012f8                DMA1_Channel6_IRQHandler
                0x080012f8                TIM3_IRQHandler
                0x080012f8                TIM1_TRG_COM_IRQHandler
                0x080012f8                DMA1_Channel1_IRQHandler
                0x080012f8                Default_Handler
                0x080012f8                EXTI15_10_IRQHandler
                0x080012f8                EXTI9_5_IRQHandler
                0x080012f8                SPI2_IRQHandler
                0x080012f8                DMA1_Channel5_IRQHandler
                0x080012f8                USB_HP_CAN1_TX_IRQHandler
                0x080012f8                DMA1_Channel3_IRQHandler
                0x080012f8                TIM1_UP_IRQHandler
                0x080012f8                WWDG_IRQHandler
                0x080012f8                TIM2_IRQHandler
                0x080012f8                TIM1_BRK_IRQHandler
                0x080012f8                EXTI1_IRQHandler
                0x080012f8                I2C2_ER_IRQHandler
                0x080012f8                DMA1_Channel2_IRQHandler
                0x080012f8                CAN1_SCE_IRQHandler
                0x080012f8                FLASH_IRQHandler
                0x080012f8                USART1_IRQHandler
                0x080012f8                I2C1_ER_IRQHandler
                0x080012f8                USBWakeUp_IRQHandler
 *fill*         0x080012fa        0x2 
 .text.HAL_Init
                0x080012fc       0x2c ./Drivers/STM32F1xx_HAL_Driver/Src/stm32f1xx_hal.o
                0x080012fc                HAL_Init
 .text.HAL_InitTick
                0x08001328       0x60 ./Drivers/STM32F1xx_HAL_Driver/Src/stm32f1xx_hal.o
                0x08001328                HAL_InitTick
 .text.HAL_IncTick
                0x08001388       0x24 ./Drivers/STM32F1xx_HAL_Driver/Src/stm32f1xx_hal.o
                0x08001388                HAL_IncTick
 .text.HAL_GetTick
                0x080013ac       0x14 ./Drivers/STM32F1xx_HAL_Driver/Src/stm32f1xx_hal.o
                0x080013ac                HAL_GetTick
 .text.HAL_Delay
                0x080013c0       0x48 ./Drivers/STM32F1xx_HAL_Driver/Src/stm32f1xx_hal.o
                0x080013c0                HAL_Delay
 .text.__NVIC_SetPriorityGrouping
                0x08001408       0x48 ./Drivers/STM32F1xx_HAL_Driver/Src/stm32f1xx_hal_cortex.o
 .text.__NVIC_GetPriorityGrouping
                0x08001450       0x1c ./Drivers/STM32F1xx_HAL_Driver/Src/stm32f1xx_hal_cortex.o
 .text.__NVIC_EnableIRQ
                0x0800146c       0x38 ./Drivers/STM32F1xx_HAL_Driver/Src/stm32f1xx_hal_cortex.o
 .text.__NVIC_SetPriority
                0x080014a4       0x54 ./Drivers/STM32F1xx_HAL_Driver/Src/stm32f1xx_hal_cortex.o
 .text.NVIC_EncodePriority
                0x080014f8       0x64 ./Drivers/STM32F1xx_HAL_Driver/Src/stm32f1xx_hal_cortex.o
 .text.SysTick_Config
                0x0800155c       0x44 ./Drivers/STM32F1xx_HAL_Driver/Src/stm32f1xx_hal_cortex.o
 .text.HAL_NVIC_SetPriorityGrouping
                0x080015a0       0x16 ./Drivers/STM32F1xx_HAL_Driver/Src/stm32f1xx_hal_cortex.o
                0x080015a0                HAL_NVIC_SetPriorityGrouping
 .text.HAL_NVIC_SetPriority
                0x080015b6       0x38 ./Drivers/STM32F1xx_HAL_Driver/Src/stm32f1xx_hal_cortex.o
                0x080015b6                HAL_NVIC_SetPriority
 .text.HAL_NVIC_EnableIRQ
                0x080015ee       0x1c ./Drivers/STM32F1xx_HAL_Driver/Src/stm32f1xx_hal_cortex.o
                0x080015ee                HAL_NVIC_EnableIRQ
 .text.HAL_SYSTICK_Config
                0x0800160a       0x18 ./Drivers/STM32F1xx_HAL_Driver/Src/stm32f1xx_hal_cortex.o
                0x0800160a                HAL_SYSTICK_Config
 .text.HAL_DMA_Abort
                0x08001622       0x76 ./Drivers/STM32F1xx_HAL_Driver/Src/stm32f1xx_hal_dma.o
                0x08001622                HAL_DMA_Abort
 .text.HAL_DMA_Abort_IT
                0x08001698       0xf0 ./Drivers/STM32F1xx_HAL_Driver/Src/stm32f1xx_hal_dma.o
                0x08001698                HAL_DMA_Abort_IT
 .text.HAL_GPIO_Init
                0x08001788      0x308 ./Drivers/STM32F1xx_HAL_Driver/Src/stm32f1xx_hal_gpio.o
                0x08001788                HAL_GPIO_Init
 .text.HAL_GPIO_ReadPin
                0x08001a90       0x2e ./Drivers/STM32F1xx_HAL_Driver/Src/stm32f1xx_hal_gpio.o
                0x08001a90                HAL_GPIO_ReadPin
 .text.HAL_GPIO_WritePin
                0x08001abe       0x30 ./Drivers/STM32F1xx_HAL_Driver/Src/stm32f1xx_hal_gpio.o
                0x08001abe                HAL_GPIO_WritePin
 .text.HAL_GPIO_TogglePin
                0x08001aee       0x32 ./Drivers/STM32F1xx_HAL_Driver/Src/stm32f1xx_hal_gpio.o
                0x08001aee                HAL_GPIO_TogglePin
 .text.HAL_GPIO_EXTI_IRQHandler
                0x08001b20       0x30 ./Drivers/STM32F1xx_HAL_Driver/Src/stm32f1xx_hal_gpio.o
                0x08001b20                HAL_GPIO_EXTI_IRQHandler
 .text.HAL_PCD_Init
                0x08001b50      0x1fe ./Drivers/STM32F1xx_HAL_Driver/Src/stm32f1xx_hal_pcd.o
                0x08001b50                HAL_PCD_Init
 .text.HAL_PCD_Start
                0x08001d4e       0x4c ./Drivers/STM32F1xx_HAL_Driver/Src/stm32f1xx_hal_pcd.o
                0x08001d4e                HAL_PCD_Start
 .text.HAL_PCD_IRQHandler
                0x08001d9a      0x260 ./Drivers/STM32F1xx_HAL_Driver/Src/stm32f1xx_hal_pcd.o
                0x08001d9a                HAL_PCD_IRQHandler
 .text.HAL_PCD_SetAddress
                0x08001ffa       0x4a ./Drivers/STM32F1xx_HAL_Driver/Src/stm32f1xx_hal_pcd.o
                0x08001ffa                HAL_PCD_SetAddress
 .text.HAL_PCD_EP_Open
                0x08002044       0xba ./Drivers/STM32F1xx_HAL_Driver/Src/stm32f1xx_hal_pcd.o
                0x08002044                HAL_PCD_EP_Open
 .text.HAL_PCD_EP_Close
                0x080020fe       0x90 ./Drivers/STM32F1xx_HAL_Driver/Src/stm32f1xx_hal_pcd.o
                0x080020fe                HAL_PCD_EP_Close
 .text.HAL_PCD_EP_Receive
                0x0800218e       0x62 ./Drivers/STM32F1xx_HAL_Driver/Src/stm32f1xx_hal_pcd.o
                0x0800218e                HAL_PCD_EP_Receive
 .text.HAL_PCD_EP_GetRxCount
                0x080021f0       0x2e ./Drivers/STM32F1xx_HAL_Driver/Src/stm32f1xx_hal_pcd.o
                0x080021f0                HAL_PCD_EP_GetRxCount
 .text.HAL_PCD_EP_Transmit
                0x0800221e       0x6e ./Drivers/STM32F1xx_HAL_Driver/Src/stm32f1xx_hal_pcd.o
                0x0800221e                HAL_PCD_EP_Transmit
 .text.HAL_PCD_EP_SetStall
                0x0800228c       0xc0 ./Drivers/STM32F1xx_HAL_Driver/Src/stm32f1xx_hal_pcd.o
                0x0800228c                HAL_PCD_EP_SetStall
 .text.HAL_PCD_EP_ClrStall
                0x0800234c       0xa8 ./Drivers/STM32F1xx_HAL_Driver/Src/stm32f1xx_hal_pcd.o
                0x0800234c                HAL_PCD_EP_ClrStall
 .text.PCD_EP_ISR_Handler
                0x080023f4      0x7a4 ./Drivers/STM32F1xx_HAL_Driver/Src/stm32f1xx_hal_pcd.o
 .text.HAL_PCD_EP_DB_Receive
                0x08002b98      0x21a ./Drivers/STM32F1xx_HAL_Driver/Src/stm32f1xx_hal_pcd.o
 .text.HAL_PCD_EP_DB_Transmit
                0x08002db2      0x7f4 ./Drivers/STM32F1xx_HAL_Driver/Src/stm32f1xx_hal_pcd.o
 .text.HAL_PCDEx_PMAConfig
                0x080035a6       0x84 ./Drivers/STM32F1xx_HAL_Driver/Src/stm32f1xx_hal_pcd_ex.o
                0x080035a6                HAL_PCDEx_PMAConfig
 *fill*         0x0800362a        0x2 
 .text.HAL_RCC_OscConfig
                0x0800362c      0x504 ./Drivers/STM32F1xx_HAL_Driver/Src/stm32f1xx_hal_rcc.o
                0x0800362c                HAL_RCC_OscConfig
 .text.HAL_RCC_ClockConfig
                0x08003b30      0x1d4 ./Drivers/STM32F1xx_HAL_Driver/Src/stm32f1xx_hal_rcc.o
                0x08003b30                HAL_RCC_ClockConfig
 .text.HAL_RCC_GetSysClockFreq
                0x08003d04       0xa8 ./Drivers/STM32F1xx_HAL_Driver/Src/stm32f1xx_hal_rcc.o
                0x08003d04                HAL_RCC_GetSysClockFreq
 .text.HAL_RCC_GetHCLKFreq
                0x08003dac       0x14 ./Drivers/STM32F1xx_HAL_Driver/Src/stm32f1xx_hal_rcc.o
                0x08003dac                HAL_RCC_GetHCLKFreq
 .text.HAL_RCC_GetPCLK1Freq
                0x08003dc0       0x28 ./Drivers/STM32F1xx_HAL_Driver/Src/stm32f1xx_hal_rcc.o
                0x08003dc0                HAL_RCC_GetPCLK1Freq
 .text.HAL_RCC_GetPCLK2Freq
                0x08003de8       0x28 ./Drivers/STM32F1xx_HAL_Driver/Src/stm32f1xx_hal_rcc.o
                0x08003de8                HAL_RCC_GetPCLK2Freq
 .text.RCC_Delay
                0x08003e10       0x3c ./Drivers/STM32F1xx_HAL_Driver/Src/stm32f1xx_hal_rcc.o
 .text.HAL_RCCEx_PeriphCLKConfig
                0x08003e4c      0x16c ./Drivers/STM32F1xx_HAL_Driver/Src/stm32f1xx_hal_rcc_ex.o
                0x08003e4c                HAL_RCCEx_PeriphCLKConfig
 .text.HAL_UART_Init
                0x08003fb8       0xa0 ./Drivers/STM32F1xx_HAL_Driver/Src/stm32f1xx_hal_uart.o
                0x08003fb8                HAL_UART_Init
 .text.HAL_UART_Transmit
                0x08004058      0x106 ./Drivers/STM32F1xx_HAL_Driver/Src/stm32f1xx_hal_uart.o
                0x08004058                HAL_UART_Transmit
 .text.HAL_UART_Receive
                0x0800415e      0x124 ./Drivers/STM32F1xx_HAL_Driver/Src/stm32f1xx_hal_uart.o
                0x0800415e                HAL_UART_Receive
 .text.HAL_UART_Receive_IT
                0x08004282       0x4a ./Drivers/STM32F1xx_HAL_Driver/Src/stm32f1xx_hal_uart.o
                0x08004282                HAL_UART_Receive_IT
 .text.HAL_UART_IRQHandler
                0x080042cc      0x524 ./Drivers/STM32F1xx_HAL_Driver/Src/stm32f1xx_hal_uart.o
                0x080042cc                HAL_UART_IRQHandler
 .text.HAL_UART_TxCpltCallback
                0x080047f0       0x12 ./Drivers/STM32F1xx_HAL_Driver/Src/stm32f1xx_hal_uart.o
                0x080047f0                HAL_UART_TxCpltCallback
 .text.HAL_UARTEx_RxEventCallback
                0x08004802       0x16 ./Drivers/STM32F1xx_HAL_Driver/Src/stm32f1xx_hal_uart.o
                0x08004802                HAL_UARTEx_RxEventCallback
 .text.UART_WaitOnFlagUntilTimeout
                0x08004818       0xdc ./Drivers/STM32F1xx_HAL_Driver/Src/stm32f1xx_hal_uart.o
 .text.UART_Start_Receive_IT
                0x080048f4       0x72 ./Drivers/STM32F1xx_HAL_Driver/Src/stm32f1xx_hal_uart.o
                0x080048f4                UART_Start_Receive_IT
 .text.UART_EndRxTransfer
                0x08004966       0xc4 ./Drivers/STM32F1xx_HAL_Driver/Src/stm32f1xx_hal_uart.o
 .text.UART_DMAAbortOnError
                0x08004a2a       0x28 ./Drivers/STM32F1xx_HAL_Driver/Src/stm32f1xx_hal_uart.o
 .text.UART_Transmit_IT
                0x08004a52       0x9e ./Drivers/STM32F1xx_HAL_Driver/Src/stm32f1xx_hal_uart.o
 .text.UART_EndTransmit_IT
                0x08004af0       0x30 ./Drivers/STM32F1xx_HAL_Driver/Src/stm32f1xx_hal_uart.o
 .text.UART_Receive_IT
                0x08004b20      0x17c ./Drivers/STM32F1xx_HAL_Driver/Src/stm32f1xx_hal_uart.o
 .text.UART_SetConfig
                0x08004c9c      0x11c ./Drivers/STM32F1xx_HAL_Driver/Src/stm32f1xx_hal_uart.o
 .text.USB_CoreInit
                0x08004db8       0x20 ./Drivers/STM32F1xx_HAL_Driver/Src/stm32f1xx_ll_usb.o
                0x08004db8                USB_CoreInit
 .text.USB_EnableGlobalInt
                0x08004dd8       0x2c ./Drivers/STM32F1xx_HAL_Driver/Src/stm32f1xx_ll_usb.o
                0x08004dd8                USB_EnableGlobalInt
 .text.USB_DisableGlobalInt
                0x08004e04       0x34 ./Drivers/STM32F1xx_HAL_Driver/Src/stm32f1xx_ll_usb.o
                0x08004e04                USB_DisableGlobalInt
 .text.USB_SetCurrentMode
                0x08004e38       0x18 ./Drivers/STM32F1xx_HAL_Driver/Src/stm32f1xx_ll_usb.o
                0x08004e38                USB_SetCurrentMode
 .text.USB_DevInit
                0x08004e50       0x40 ./Drivers/STM32F1xx_HAL_Driver/Src/stm32f1xx_ll_usb.o
                0x08004e50                USB_DevInit
 .text.USB_ActivateEndpoint
                0x08004e90      0x780 ./Drivers/STM32F1xx_HAL_Driver/Src/stm32f1xx_ll_usb.o
                0x08004e90                USB_ActivateEndpoint
 .text.USB_DeactivateEndpoint
                0x08005610      0x3d8 ./Drivers/STM32F1xx_HAL_Driver/Src/stm32f1xx_ll_usb.o
                0x08005610                USB_DeactivateEndpoint
 .text.USB_EPStartXfer
                0x080059e8     0x1762 ./Drivers/STM32F1xx_HAL_Driver/Src/stm32f1xx_ll_usb.o
                0x080059e8                USB_EPStartXfer
 .text.USB_EPSetStall
                0x0800714a       0xa0 ./Drivers/STM32F1xx_HAL_Driver/Src/stm32f1xx_ll_usb.o
                0x0800714a                USB_EPSetStall
 .text.USB_EPClearStall
                0x080071ea      0x15a ./Drivers/STM32F1xx_HAL_Driver/Src/stm32f1xx_ll_usb.o
                0x080071ea                USB_EPClearStall
 .text.USB_SetDevAddress
                0x08007344       0x26 ./Drivers/STM32F1xx_HAL_Driver/Src/stm32f1xx_ll_usb.o
                0x08007344                USB_SetDevAddress
 .text.USB_DevConnect
                0x0800736a       0x14 ./Drivers/STM32F1xx_HAL_Driver/Src/stm32f1xx_ll_usb.o
                0x0800736a                USB_DevConnect
 .text.USB_DevDisconnect
                0x0800737e       0x14 ./Drivers/STM32F1xx_HAL_Driver/Src/stm32f1xx_ll_usb.o
                0x0800737e                USB_DevDisconnect
 .text.USB_ReadInterrupts
                0x08007392       0x1e ./Drivers/STM32F1xx_HAL_Driver/Src/stm32f1xx_ll_usb.o
                0x08007392                USB_ReadInterrupts
 .text.USB_EP0_OutStart
                0x080073b0       0x16 ./Drivers/STM32F1xx_HAL_Driver/Src/stm32f1xx_ll_usb.o
                0x080073b0                USB_EP0_OutStart
 .text.USB_WritePMA
                0x080073c6       0x8a ./Drivers/STM32F1xx_HAL_Driver/Src/stm32f1xx_ll_usb.o
                0x080073c6                USB_WritePMA
 .text.USB_ReadPMA
                0x08007450       0x9e ./Drivers/STM32F1xx_HAL_Driver/Src/stm32f1xx_ll_usb.o
                0x08007450                USB_ReadPMA
 .text.USBD_CDC_Init
                0x080074ee       0xf4 ./Middlewares/ST/STM32_USB_Device_Library/Class/CDC/Src/usbd_cdc.o
 .text.USBD_CDC_DeInit
                0x080075e2       0x6e ./Middlewares/ST/STM32_USB_Device_Library/Class/CDC/Src/usbd_cdc.o
 .text.USBD_CDC_Setup
                0x08007650      0x146 ./Middlewares/ST/STM32_USB_Device_Library/Class/CDC/Src/usbd_cdc.o
 .text.USBD_CDC_DataIn
                0x08007796       0xa6 ./Middlewares/ST/STM32_USB_Device_Library/Class/CDC/Src/usbd_cdc.o
 .text.USBD_CDC_DataOut
                0x0800783c       0x56 ./Middlewares/ST/STM32_USB_Device_Library/Class/CDC/Src/usbd_cdc.o
 .text.USBD_CDC_EP0_RxReady
                0x08007892       0x4e ./Middlewares/ST/STM32_USB_Device_Library/Class/CDC/Src/usbd_cdc.o
 .text.USBD_CDC_GetFSCfgDesc
                0x080078e0       0x20 ./Middlewares/ST/STM32_USB_Device_Library/Class/CDC/Src/usbd_cdc.o
 .text.USBD_CDC_GetHSCfgDesc
                0x08007900       0x20 ./Middlewares/ST/STM32_USB_Device_Library/Class/CDC/Src/usbd_cdc.o
 .text.USBD_CDC_GetOtherSpeedCfgDesc
                0x08007920       0x20 ./Middlewares/ST/STM32_USB_Device_Library/Class/CDC/Src/usbd_cdc.o
 .text.USBD_CDC_GetDeviceQualifierDescriptor
                0x08007940       0x20 ./Middlewares/ST/STM32_USB_Device_Library/Class/CDC/Src/usbd_cdc.o
                0x08007940                USBD_CDC_GetDeviceQualifierDescriptor
 .text.USBD_CDC_RegisterInterface
                0x08007960       0x2c ./Middlewares/ST/STM32_USB_Device_Library/Class/CDC/Src/usbd_cdc.o
                0x08007960                USBD_CDC_RegisterInterface
 .text.USBD_CDC_SetTxBuffer
                0x0800798c       0x32 ./Middlewares/ST/STM32_USB_Device_Library/Class/CDC/Src/usbd_cdc.o
                0x0800798c                USBD_CDC_SetTxBuffer
 .text.USBD_CDC_SetRxBuffer
                0x080079be       0x26 ./Middlewares/ST/STM32_USB_Device_Library/Class/CDC/Src/usbd_cdc.o
                0x080079be                USBD_CDC_SetRxBuffer
 .text.USBD_CDC_TransmitPacket
                0x080079e4       0x5e ./Middlewares/ST/STM32_USB_Device_Library/Class/CDC/Src/usbd_cdc.o
                0x080079e4                USBD_CDC_TransmitPacket
 .text.USBD_CDC_ReceivePacket
                0x08007a42       0x54 ./Middlewares/ST/STM32_USB_Device_Library/Class/CDC/Src/usbd_cdc.o
                0x08007a42                USBD_CDC_ReceivePacket
 .text.USBD_Init
                0x08007a96       0x56 ./Middlewares/ST/STM32_USB_Device_Library/Core/Src/usbd_core.o
                0x08007a96                USBD_Init
 .text.USBD_RegisterClass
                0x08007aec       0x32 ./Middlewares/ST/STM32_USB_Device_Library/Core/Src/usbd_core.o
                0x08007aec                USBD_RegisterClass
 .text.USBD_Start
                0x08007b1e       0x18 ./Middlewares/ST/STM32_USB_Device_Library/Core/Src/usbd_core.o
                0x08007b1e                USBD_Start
 .text.USBD_RunTestMode
                0x08007b36       0x14 ./Middlewares/ST/STM32_USB_Device_Library/Core/Src/usbd_core.o
                0x08007b36                USBD_RunTestMode
 .text.USBD_SetClassConfig
                0x08007b4a       0x3e ./Middlewares/ST/STM32_USB_Device_Library/Core/Src/usbd_core.o
                0x08007b4a                USBD_SetClassConfig
 .text.USBD_ClrClassConfig
                0x08007b88       0x26 ./Middlewares/ST/STM32_USB_Device_Library/Core/Src/usbd_core.o
                0x08007b88                USBD_ClrClassConfig
 .text.USBD_LL_SetupStage
                0x08007bae       0x9a ./Middlewares/ST/STM32_USB_Device_Library/Core/Src/usbd_core.o
                0x08007bae                USBD_LL_SetupStage
 .text.USBD_LL_DataOutStage
                0x08007c48       0xe2 ./Middlewares/ST/STM32_USB_Device_Library/Core/Src/usbd_core.o
                0x08007c48                USBD_LL_DataOutStage
 .text.USBD_LL_DataInStage
                0x08007d2a      0x14a ./Middlewares/ST/STM32_USB_Device_Library/Core/Src/usbd_core.o
                0x08007d2a                USBD_LL_DataInStage
 .text.USBD_LL_Reset
                0x08007e74       0x82 ./Middlewares/ST/STM32_USB_Device_Library/Core/Src/usbd_core.o
                0x08007e74                USBD_LL_Reset
 .text.USBD_LL_SetSpeed
                0x08007ef6       0x1e ./Middlewares/ST/STM32_USB_Device_Library/Core/Src/usbd_core.o
                0x08007ef6                USBD_LL_SetSpeed
 .text.USBD_LL_Suspend
                0x08007f14       0x28 ./Middlewares/ST/STM32_USB_Device_Library/Core/Src/usbd_core.o
                0x08007f14                USBD_LL_Suspend
 .text.USBD_LL_Resume
                0x08007f3c       0x2a ./Middlewares/ST/STM32_USB_Device_Library/Core/Src/usbd_core.o
                0x08007f3c                USBD_LL_Resume
 .text.USBD_LL_SOF
                0x08007f66       0x34 ./Middlewares/ST/STM32_USB_Device_Library/Core/Src/usbd_core.o
                0x08007f66                USBD_LL_SOF
 *fill*         0x08007f9a        0x2 
 .text.USBD_StdDevReq
                0x08007f9c       0xd4 ./Middlewares/ST/STM32_USB_Device_Library/Core/Src/usbd_ctlreq.o
                0x08007f9c                USBD_StdDevReq
 .text.USBD_StdItfReq
                0x08008070       0x90 ./Middlewares/ST/STM32_USB_Device_Library/Core/Src/usbd_ctlreq.o
                0x08008070                USBD_StdItfReq
 .text.USBD_StdEPReq
                0x08008100      0x2c6 ./Middlewares/ST/STM32_USB_Device_Library/Core/Src/usbd_ctlreq.o
                0x08008100                USBD_StdEPReq
 *fill*         0x080083c6        0x2 
 .text.USBD_GetDescriptor
                0x080083c8      0x2d0 ./Middlewares/ST/STM32_USB_Device_Library/Core/Src/usbd_ctlreq.o
 .text.USBD_SetAddress
                0x08008698       0x86 ./Middlewares/ST/STM32_USB_Device_Library/Core/Src/usbd_ctlreq.o
 *fill*         0x0800871e        0x2 
 .text.USBD_SetConfig
                0x08008720      0x11c ./Middlewares/ST/STM32_USB_Device_Library/Core/Src/usbd_ctlreq.o
 .text.USBD_GetConfig
                0x0800883c       0x6a ./Middlewares/ST/STM32_USB_Device_Library/Core/Src/usbd_ctlreq.o
 .text.USBD_GetStatus
                0x080088a6       0x66 ./Middlewares/ST/STM32_USB_Device_Library/Core/Src/usbd_ctlreq.o
 .text.USBD_SetFeature
                0x0800890c       0x28 ./Middlewares/ST/STM32_USB_Device_Library/Core/Src/usbd_ctlreq.o
 .text.USBD_ClrFeature
                0x08008934       0x42 ./Middlewares/ST/STM32_USB_Device_Library/Core/Src/usbd_ctlreq.o
 .text.USBD_ParseSetupRequest
                0x08008976       0x72 ./Middlewares/ST/STM32_USB_Device_Library/Core/Src/usbd_ctlreq.o
                0x08008976                USBD_ParseSetupRequest
 .text.USBD_CtlError
                0x080089e8       0x22 ./Middlewares/ST/STM32_USB_Device_Library/Core/Src/usbd_ctlreq.o
                0x080089e8                USBD_CtlError
 .text.USBD_GetString
                0x08008a0a       0x84 ./Middlewares/ST/STM32_USB_Device_Library/Core/Src/usbd_ctlreq.o
                0x08008a0a                USBD_GetString
 .text.USBD_GetLen
                0x08008a8e       0x2e ./Middlewares/ST/STM32_USB_Device_Library/Core/Src/usbd_ctlreq.o
 .text.USBD_CtlSendData
                0x08008abc       0x38 ./Middlewares/ST/STM32_USB_Device_Library/Core/Src/usbd_ioreq.o
                0x08008abc                USBD_CtlSendData
 .text.USBD_CtlContinueSendData
                0x08008af4       0x24 ./Middlewares/ST/STM32_USB_Device_Library/Core/Src/usbd_ioreq.o
                0x08008af4                USBD_CtlContinueSendData
 .text.USBD_CtlPrepareRx
                0x08008b18       0x3c ./Middlewares/ST/STM32_USB_Device_Library/Core/Src/usbd_ioreq.o
                0x08008b18                USBD_CtlPrepareRx
 .text.USBD_CtlContinueRx
                0x08008b54       0x24 ./Middlewares/ST/STM32_USB_Device_Library/Core/Src/usbd_ioreq.o
                0x08008b54                USBD_CtlContinueRx
 .text.USBD_CtlSendStatus
                0x08008b78       0x26 ./Middlewares/ST/STM32_USB_Device_Library/Core/Src/usbd_ioreq.o
                0x08008b78                USBD_CtlSendStatus
 .text.USBD_CtlReceiveStatus
                0x08008b9e       0x26 ./Middlewares/ST/STM32_USB_Device_Library/Core/Src/usbd_ioreq.o
                0x08008b9e                USBD_CtlReceiveStatus
 .text.MX_USB_DEVICE_Init
                0x08008bc4       0x60 ./USB_DEVICE/App/usb_device.o
                0x08008bc4                MX_USB_DEVICE_Init
 .text.CDC_Init_FS
                0x08008c24       0x28 ./USB_DEVICE/App/usbd_cdc_if.o
 .text.CDC_DeInit_FS
                0x08008c4c        0xe ./USB_DEVICE/App/usbd_cdc_if.o
 *fill*         0x08008c5a        0x2 
 .text.CDC_Control_FS
                0x08008c5c       0xbc ./USB_DEVICE/App/usbd_cdc_if.o
 .text.CDC_Receive_FS
                0x08008d18       0x28 ./USB_DEVICE/App/usbd_cdc_if.o
 .text.CDC_Transmit_FS
                0x08008d40       0x4c ./USB_DEVICE/App/usbd_cdc_if.o
                0x08008d40                CDC_Transmit_FS
 .text.USBD_FS_DeviceDescriptor
                0x08008d8c       0x24 ./USB_DEVICE/App/usbd_desc.o
                0x08008d8c                USBD_FS_DeviceDescriptor
 .text.USBD_FS_LangIDStrDescriptor
                0x08008db0       0x24 ./USB_DEVICE/App/usbd_desc.o
                0x08008db0                USBD_FS_LangIDStrDescriptor
 .text.USBD_FS_ProductStrDescriptor
                0x08008dd4       0x3c ./USB_DEVICE/App/usbd_desc.o
                0x08008dd4                USBD_FS_ProductStrDescriptor
 .text.USBD_FS_ManufacturerStrDescriptor
                0x08008e10       0x28 ./USB_DEVICE/App/usbd_desc.o
                0x08008e10                USBD_FS_ManufacturerStrDescriptor
 .text.USBD_FS_SerialStrDescriptor
                0x08008e38       0x24 ./USB_DEVICE/App/usbd_desc.o
                0x08008e38                USBD_FS_SerialStrDescriptor
 .text.USBD_FS_ConfigStrDescriptor
                0x08008e5c       0x3c ./USB_DEVICE/App/usbd_desc.o
                0x08008e5c                USBD_FS_ConfigStrDescriptor
 .text.USBD_FS_InterfaceStrDescriptor
                0x08008e98       0x3c ./USB_DEVICE/App/usbd_desc.o
                0x08008e98                USBD_FS_InterfaceStrDescriptor
 .text.Get_SerialNum
                0x08008ed4       0x58 ./USB_DEVICE/App/usbd_desc.o
 .text.IntToUnicode
                0x08008f2c       0x7c ./USB_DEVICE/App/usbd_desc.o
 .text.HAL_PCD_MspInit
                0x08008fa8       0x4c ./USB_DEVICE/Target/usbd_conf.o
                0x08008fa8                HAL_PCD_MspInit
 .text.HAL_PCD_SetupStageCallback
                0x08008ff4       0x24 ./USB_DEVICE/Target/usbd_conf.o
                0x08008ff4                HAL_PCD_SetupStageCallback
 .text.HAL_PCD_DataOutStageCallback
                0x08009018       0x36 ./USB_DEVICE/Target/usbd_conf.o
                0x08009018                HAL_PCD_DataOutStageCallback
 .text.HAL_PCD_DataInStageCallback
                0x0800904e       0x34 ./USB_DEVICE/Target/usbd_conf.o
                0x0800904e                HAL_PCD_DataInStageCallback
 .text.HAL_PCD_SOFCallback
                0x08009082       0x1c ./USB_DEVICE/Target/usbd_conf.o
                0x08009082                HAL_PCD_SOFCallback
 .text.HAL_PCD_ResetCallback
                0x0800909e       0x3c ./USB_DEVICE/Target/usbd_conf.o
                0x0800909e                HAL_PCD_ResetCallback
 *fill*         0x080090da        0x2 
 .text.HAL_PCD_SuspendCallback
                0x080090dc       0x34 ./USB_DEVICE/Target/usbd_conf.o
                0x080090dc                HAL_PCD_SuspendCallback
 .text.HAL_PCD_ResumeCallback
                0x08009110       0x1c ./USB_DEVICE/Target/usbd_conf.o
                0x08009110                HAL_PCD_ResumeCallback
 .text.USBD_LL_Init
                0x0800912c       0xb4 ./USB_DEVICE/Target/usbd_conf.o
                0x0800912c                USBD_LL_Init
 .text.USBD_LL_Start
                0x080091e0       0x36 ./USB_DEVICE/Target/usbd_conf.o
                0x080091e0                USBD_LL_Start
 .text.USBD_LL_OpenEP
                0x08009216       0x4c ./USB_DEVICE/Target/usbd_conf.o
                0x08009216                USBD_LL_OpenEP
 .text.USBD_LL_CloseEP
                0x08009262       0x3e ./USB_DEVICE/Target/usbd_conf.o
                0x08009262                USBD_LL_CloseEP
 .text.USBD_LL_StallEP
                0x080092a0       0x3e ./USB_DEVICE/Target/usbd_conf.o
                0x080092a0                USBD_LL_StallEP
 .text.USBD_LL_ClearStallEP
                0x080092de       0x3e ./USB_DEVICE/Target/usbd_conf.o
                0x080092de                USBD_LL_ClearStallEP
 .text.USBD_LL_IsStallEP
                0x0800931c       0x58 ./USB_DEVICE/Target/usbd_conf.o
                0x0800931c                USBD_LL_IsStallEP
 .text.USBD_LL_SetUSBAddress
                0x08009374       0x3e ./USB_DEVICE/Target/usbd_conf.o
                0x08009374                USBD_LL_SetUSBAddress
 .text.USBD_LL_Transmit
                0x080093b2       0x46 ./USB_DEVICE/Target/usbd_conf.o
                0x080093b2                USBD_LL_Transmit
 .text.USBD_LL_PrepareReceive
                0x080093f8       0x46 ./USB_DEVICE/Target/usbd_conf.o
                0x080093f8                USBD_LL_PrepareReceive
 .text.USBD_LL_GetRxDataSize
                0x0800943e       0x26 ./USB_DEVICE/Target/usbd_conf.o
                0x0800943e                USBD_LL_GetRxDataSize
 .text.USBD_static_malloc
                0x08009464       0x18 ./USB_DEVICE/Target/usbd_conf.o
                0x08009464                USBD_static_malloc
 .text.USBD_static_free
                0x0800947c       0x12 ./USB_DEVICE/Target/usbd_conf.o
                0x0800947c                USBD_static_free
 .text.HAL_PCDEx_SetConnectionState
                0x0800948e       0x16 ./USB_DEVICE/Target/usbd_conf.o
                0x0800948e                HAL_PCDEx_SetConnectionState
 .text.USBD_Get_USB_Status
                0x080094a4       0x58 ./USB_DEVICE/Target/usbd_conf.o
 .text.memset   0x080094fc       0x10 C:/ST/STM32CubeIDE_1.14.0/STM32CubeIDE/plugins/com.st.stm32cube.ide.mcu.externaltools.gnu-tools-for-stm32.12.3.rel1.win32_1.0.100.202403111256/tools/bin/../lib/gcc/arm-none-eabi/12.3.1/../../../../arm-none-eabi/lib/thumb/v7-m/nofp\libc_nano.a(libc_a-memset.o)
                0x080094fc                memset
 .text.__libc_init_array
                0x0800950c       0x48 C:/ST/STM32CubeIDE_1.14.0/STM32CubeIDE/plugins/com.st.stm32cube.ide.mcu.externaltools.gnu-tools-for-stm32.12.3.rel1.win32_1.0.100.202403111256/tools/bin/../lib/gcc/arm-none-eabi/12.3.1/../../../../arm-none-eabi/lib/thumb/v7-m/nofp\libc_nano.a(libc_a-init.o)
                0x0800950c                __libc_init_array
 *(.glue_7)
 .glue_7        0x08009554        0x0 linker stubs
 *(.glue_7t)
 .glue_7t       0x08009554        0x0 linker stubs
 *(.eh_frame)
 .eh_frame      0x08009554        0x0 C:/ST/STM32CubeIDE_1.14.0/STM32CubeIDE/plugins/com.st.stm32cube.ide.mcu.externaltools.gnu-tools-for-stm32.12.3.rel1.win32_1.0.100.202403111256/tools/bin/../lib/gcc/arm-none-eabi/12.3.1/thumb/v7-m/nofp/crtbegin.o
 *(.init)
 .init          0x08009554        0x4 C:/ST/STM32CubeIDE_1.14.0/STM32CubeIDE/plugins/com.st.stm32cube.ide.mcu.externaltools.gnu-tools-for-stm32.12.3.rel1.win32_1.0.100.202403111256/tools/bin/../lib/gcc/arm-none-eabi/12.3.1/thumb/v7-m/nofp/crti.o
                0x08009554                _init
 .init          0x08009558        0x8 C:/ST/STM32CubeIDE_1.14.0/STM32CubeIDE/plugins/com.st.stm32cube.ide.mcu.externaltools.gnu-tools-for-stm32.12.3.rel1.win32_1.0.100.202403111256/tools/bin/../lib/gcc/arm-none-eabi/12.3.1/thumb/v7-m/nofp/crtn.o
 *(.fini)
 .fini          0x08009560        0x4 C:/ST/STM32CubeIDE_1.14.0/STM32CubeIDE/plugins/com.st.stm32cube.ide.mcu.externaltools.gnu-tools-for-stm32.12.3.rel1.win32_1.0.100.202403111256/tools/bin/../lib/gcc/arm-none-eabi/12.3.1/thumb/v7-m/nofp/crti.o
                0x08009560                _fini
 .fini          0x08009564        0x8 C:/ST/STM32CubeIDE_1.14.0/STM32CubeIDE/plugins/com.st.stm32cube.ide.mcu.externaltools.gnu-tools-for-stm32.12.3.rel1.win32_1.0.100.202403111256/tools/bin/../lib/gcc/arm-none-eabi/12.3.1/thumb/v7-m/nofp/crtn.o
                0x0800956c                        . = ALIGN (0x4)
                0x0800956c                        _etext = .

.vfp11_veneer   0x0800956c        0x0
 .vfp11_veneer  0x0800956c        0x0 linker stubs

.v4_bx          0x0800956c        0x0
 .v4_bx         0x0800956c        0x0 linker stubs

.iplt           0x0800956c        0x0
 .iplt          0x0800956c        0x0 C:/ST/STM32CubeIDE_1.14.0/STM32CubeIDE/plugins/com.st.stm32cube.ide.mcu.externaltools.gnu-tools-for-stm32.12.3.rel1.win32_1.0.100.202403111256/tools/bin/../lib/gcc/arm-none-eabi/12.3.1/thumb/v7-m/nofp/crtbegin.o

.rodata         0x0800956c      0x27c
                0x0800956c                        . = ALIGN (0x4)
 *(.rodata)
 .rodata        0x0800956c      0x1fd ./Core/Src/fp_interface.o
 *fill*         0x08009769        0x3 
 .rodata        0x0800976c        0x5 ./Core/Src/main.o
 *fill*         0x08009771        0x3 
 .rodata        0x08009774       0x46 ./USB_DEVICE/App/usbd_desc.o
 *(.rodata*)
 *fill*         0x080097ba        0x2 
 .rodata.AHBPrescTable
                0x080097bc       0x10 ./Core/Src/system_stm32f1xx.o
                0x080097bc                AHBPrescTable
 .rodata.APBPrescTable
                0x080097cc        0x8 ./Core/Src/system_stm32f1xx.o
                0x080097cc                APBPrescTable
 .rodata.aPLLMULFactorTable.1
                0x080097d4       0x10 ./Drivers/STM32F1xx_HAL_Driver/Src/stm32f1xx_hal_rcc.o
 .rodata.aPredivFactorTable.0
                0x080097e4        0x2 ./Drivers/STM32F1xx_HAL_Driver/Src/stm32f1xx_hal_rcc.o
                0x080097e8                        . = ALIGN (0x4)
 *fill*         0x080097e6        0x2 

.ARM.extab      0x080097e8        0x0
                0x080097e8                        . = ALIGN (0x4)
 *(.ARM.extab* .gnu.linkonce.armextab.*)
                0x080097e8                        . = ALIGN (0x4)

.ARM            0x080097e8        0x8
                0x080097e8                        . = ALIGN (0x4)
                0x080097e8                        __exidx_start = .
 *(.ARM.exidx*)
 .ARM.exidx     0x080097e8        0x8 C:/ST/STM32CubeIDE_1.14.0/STM32CubeIDE/plugins/com.st.stm32cube.ide.mcu.externaltools.gnu-tools-for-stm32.12.3.rel1.win32_1.0.100.202403111256/tools/bin/../lib/gcc/arm-none-eabi/12.3.1/../../../../arm-none-eabi/lib/thumb/v7-m/nofp\libc_nano.a(libc_a-strlen.o)
                0x080097f0                        __exidx_end = .
                0x080097f0                        . = ALIGN (0x4)

.rel.dyn        0x080097f0        0x0
 .rel.iplt      0x080097f0        0x0 C:/ST/STM32CubeIDE_1.14.0/STM32CubeIDE/plugins/com.st.stm32cube.ide.mcu.externaltools.gnu-tools-for-stm32.12.3.rel1.win32_1.0.100.202403111256/tools/bin/../lib/gcc/arm-none-eabi/12.3.1/thumb/v7-m/nofp/crtbegin.o

.preinit_array  0x080097f0        0x0
                0x080097f0                        . = ALIGN (0x4)
                0x080097f0                        PROVIDE (__preinit_array_start = .)
 *(.preinit_array*)
                0x080097f0                        PROVIDE (__preinit_array_end = .)
                0x080097f0                        . = ALIGN (0x4)

.init_array     0x080097f0        0x4
                0x080097f0                        . = ALIGN (0x4)
                0x080097f0                        PROVIDE (__init_array_start = .)
 *(SORT_BY_NAME(.init_array.*))
 *(.init_array*)
 .init_array    0x080097f0        0x4 C:/ST/STM32CubeIDE_1.14.0/STM32CubeIDE/plugins/com.st.stm32cube.ide.mcu.externaltools.gnu-tools-for-stm32.12.3.rel1.win32_1.0.100.202403111256/tools/bin/../lib/gcc/arm-none-eabi/12.3.1/thumb/v7-m/nofp/crtbegin.o
                0x080097f4                        PROVIDE (__init_array_end = .)
                0x080097f4                        . = ALIGN (0x4)

.fini_array     0x080097f4        0x4
                0x080097f4                        . = ALIGN (0x4)
                [!provide]                        PROVIDE (__fini_array_start = .)
 *(SORT_BY_NAME(.fini_array.*))
 *(.fini_array*)
 .fini_array    0x080097f4        0x4 C:/ST/STM32CubeIDE_1.14.0/STM32CubeIDE/plugins/com.st.stm32cube.ide.mcu.externaltools.gnu-tools-for-stm32.12.3.rel1.win32_1.0.100.202403111256/tools/bin/../lib/gcc/arm-none-eabi/12.3.1/thumb/v7-m/nofp/crtbegin.o
                [!provide]                        PROVIDE (__fini_array_end = .)
                0x080097f8                        . = ALIGN (0x4)
                0x080097f8                        _sidata = LOADADDR (.data)

.data           0x20000000      0x184 load address 0x080097f8
                0x20000000                        . = ALIGN (0x4)
                0x20000000                        _sdata = .
 *(.data)
 *(.data*)
 .data.fp_correct
                0x20000000        0x1 ./Core/Src/main.o
                0x20000000                fp_correct
 *fill*         0x20000001        0x3 
 .data.password
                0x20000004        0x4 ./Core/Src/main.o
                0x20000004                password
 .data.SystemCoreClock
                0x20000008        0x4 ./Core/Src/system_stm32f1xx.o
                0x20000008                SystemCoreClock
 .data.uwTickPrio
                0x2000000c        0x4 ./Drivers/STM32F1xx_HAL_Driver/Src/stm32f1xx_hal.o
                0x2000000c                uwTickPrio
 .data.uwTickFreq
                0x20000010        0x1 ./Drivers/STM32F1xx_HAL_Driver/Src/stm32f1xx_hal.o
                0x20000010                uwTickFreq
 *fill*         0x20000011        0x3 
 .data.USBD_CDC_DeviceQualifierDesc
                0x20000014        0xa ./Middlewares/ST/STM32_USB_Device_Library/Class/CDC/Src/usbd_cdc.o
 *fill*         0x2000001e        0x2 
 .data.USBD_CDC
                0x20000020       0x38 ./Middlewares/ST/STM32_USB_Device_Library/Class/CDC/Src/usbd_cdc.o
                0x20000020                USBD_CDC
 .data.USBD_CDC_CfgHSDesc
                0x20000058       0x43 ./Middlewares/ST/STM32_USB_Device_Library/Class/CDC/Src/usbd_cdc.o
                0x20000058                USBD_CDC_CfgHSDesc
 *fill*         0x2000009b        0x1 
 .data.USBD_CDC_CfgFSDesc
                0x2000009c       0x43 ./Middlewares/ST/STM32_USB_Device_Library/Class/CDC/Src/usbd_cdc.o
                0x2000009c                USBD_CDC_CfgFSDesc
 *fill*         0x200000df        0x1 
 .data.USBD_CDC_OtherSpeedCfgDesc
                0x200000e0       0x43 ./Middlewares/ST/STM32_USB_Device_Library/Class/CDC/Src/usbd_cdc.o
                0x200000e0                USBD_CDC_OtherSpeedCfgDesc
 *fill*         0x20000123        0x1 
 .data.USBD_Interface_fops_FS
                0x20000124       0x10 ./USB_DEVICE/App/usbd_cdc_if.o
                0x20000124                USBD_Interface_fops_FS
 .data.FS_Desc  0x20000134       0x1c ./USB_DEVICE/App/usbd_desc.o
                0x20000134                FS_Desc
 .data.USBD_FS_DeviceDesc
                0x20000150       0x12 ./USB_DEVICE/App/usbd_desc.o
                0x20000150                USBD_FS_DeviceDesc
 *fill*         0x20000162        0x2 
 .data.USBD_LangIDDesc
                0x20000164        0x4 ./USB_DEVICE/App/usbd_desc.o
                0x20000164                USBD_LangIDDesc
 .data.USBD_StringSerial
                0x20000168       0x1a ./USB_DEVICE/App/usbd_desc.o
                0x20000168                USBD_StringSerial
 *(.RamFunc)
 *(.RamFunc*)
                0x20000184                        . = ALIGN (0x4)
 *fill*         0x20000182        0x2 
                0x20000184                        _edata = .

.igot.plt       0x20000184        0x0 load address 0x0800997c
 .igot.plt      0x20000184        0x0 C:/ST/STM32CubeIDE_1.14.0/STM32CubeIDE/plugins/com.st.stm32cube.ide.mcu.externaltools.gnu-tools-for-stm32.12.3.rel1.win32_1.0.100.202403111256/tools/bin/../lib/gcc/arm-none-eabi/12.3.1/thumb/v7-m/nofp/crtbegin.o
                0x20000184                        . = ALIGN (0x4)

.bss            0x20000184     0x12f0 load address 0x0800997c
                0x20000184                        _sbss = .
                0x20000184                        __bss_start__ = _sbss
 *(.bss)
 .bss           0x20000184       0x1c C:/ST/STM32CubeIDE_1.14.0/STM32CubeIDE/plugins/com.st.stm32cube.ide.mcu.externaltools.gnu-tools-for-stm32.12.3.rel1.win32_1.0.100.202403111256/tools/bin/../lib/gcc/arm-none-eabi/12.3.1/thumb/v7-m/nofp/crtbegin.o
 *(.bss*)
 .bss.fp        0x200001a0       0x48 ./Core/Src/fp_interface.o
                0x200001a0                fp
 .bss.fp_detected
                0x200001e8        0x1 ./Core/Src/fp_interface.o
                0x200001e8                fp_detected
 *fill*         0x200001e9        0x3 
 .bss.huart1    0x200001ec       0x48 ./Core/Src/main.o
                0x200001ec                huart1
 .bss.huart2    0x20000234       0x48 ./Core/Src/main.o
                0x20000234                huart2
 .bss.pkt_received
                0x2000027c        0x1 ./Core/Src/main.o
                0x2000027c                pkt_received
 .bss.motor_state
                0x2000027d        0x1 ./Core/Src/main.o
                0x2000027d                motor_state
 .bss.password_correct
                0x2000027e        0x1 ./Core/Src/main.o
                0x2000027e                password_correct
 *fill*         0x2000027f        0x1 
 .bss.motor_on_since
                0x20000280        0x4 ./Core/Src/main.o
                0x20000280                motor_on_since
 .bss.fp_tobeClosed_since
                0x20000284        0x4 ./Core/Src/main.o
                0x20000284                fp_tobeClosed_since
 .bss.fp_tobeClosed
                0x20000288        0x4 ./Core/Src/main.o
                0x20000288                fp_tobeClosed
 .bss.x         0x2000028c        0x4 ./Core/Src/main.o
                0x2000028c                x
 .bss.lock_run_time.1
                0x20000290        0x4 ./Core/Src/main.o
 .bss.lock_run_time.0
                0x20000294        0x4 ./Core/Src/main.o
 .bss.uwTick    0x20000298        0x4 ./Drivers/STM32F1xx_HAL_Driver/Src/stm32f1xx_hal.o
                0x20000298                uwTick
 .bss.cfgidx.0  0x2000029c        0x1 ./Middlewares/ST/STM32_USB_Device_Library/Core/Src/usbd_ctlreq.o
 *fill*         0x2000029d        0x3 
 .bss.hUsbDeviceFS
                0x200002a0      0x2c4 ./USB_DEVICE/App/usb_device.o
                0x200002a0                hUsbDeviceFS
 .bss.UserRxBufferFS
                0x20000564      0x400 ./USB_DEVICE/App/usbd_cdc_if.o
                0x20000564                UserRxBufferFS
 .bss.UserTxBufferFS
                0x20000964      0x400 ./USB_DEVICE/App/usbd_cdc_if.o
                0x20000964                UserTxBufferFS
 .bss.USBD_StrDesc
                0x20000d64      0x200 ./USB_DEVICE/App/usbd_desc.o
                0x20000d64                USBD_StrDesc
 .bss.hpcd_USB_FS
                0x20000f64      0x2f0 ./USB_DEVICE/Target/usbd_conf.o
                0x20000f64                hpcd_USB_FS
 .bss.mem.0     0x20001254      0x220 ./USB_DEVICE/Target/usbd_conf.o
 *(COMMON)
                0x20001474                        . = ALIGN (0x4)
                0x20001474                        _ebss = .
                0x20001474                        __bss_end__ = _ebss

._user_heap_stack
                0x20001474      0x604 load address 0x0800997c
                0x20001478                        . = ALIGN (0x8)
 *fill*         0x20001474        0x4 
                [!provide]                        PROVIDE (end = .)
                0x20001478                        PROVIDE (_end = .)
                0x20001678                        . = (. + _Min_Heap_Size)
 *fill*         0x20001478      0x200 
                0x20001a78                        . = (. + _Min_Stack_Size)
 *fill*         0x20001678      0x400 
                0x20001a78                        . = ALIGN (0x8)

/DISCARD/
 libc.a(*)
 libm.a(*)
 libgcc.a(*)

.ARM.attributes
                0x00000000       0x29
 *(.ARM.attributes)
 .ARM.attributes
                0x00000000       0x1d C:/ST/STM32CubeIDE_1.14.0/STM32CubeIDE/plugins/com.st.stm32cube.ide.mcu.externaltools.gnu-tools-for-stm32.12.3.rel1.win32_1.0.100.202403111256/tools/bin/../lib/gcc/arm-none-eabi/12.3.1/thumb/v7-m/nofp/crti.o
 .ARM.attributes
                0x0000001d       0x2d C:/ST/STM32CubeIDE_1.14.0/STM32CubeIDE/plugins/com.st.stm32cube.ide.mcu.externaltools.gnu-tools-for-stm32.12.3.rel1.win32_1.0.100.202403111256/tools/bin/../lib/gcc/arm-none-eabi/12.3.1/thumb/v7-m/nofp/crtbegin.o
 .ARM.attributes
                0x0000004a       0x2d ./Core/Src/fp_interface.o
 .ARM.attributes
                0x00000077       0x2d ./Core/Src/main.o
 .ARM.attributes
                0x000000a4       0x2d ./Core/Src/stm32f1xx_hal_msp.o
 .ARM.attributes
                0x000000d1       0x2d ./Core/Src/stm32f1xx_it.o
 .ARM.attributes
                0x000000fe       0x2d ./Core/Src/system_stm32f1xx.o
 .ARM.attributes
                0x0000012b       0x21 ./Core/Startup/startup_stm32f103c8tx.o
 .ARM.attributes
                0x0000014c       0x2d ./Drivers/STM32F1xx_HAL_Driver/Src/stm32f1xx_hal.o
 .ARM.attributes
                0x00000179       0x2d ./Drivers/STM32F1xx_HAL_Driver/Src/stm32f1xx_hal_cortex.o
 .ARM.attributes
                0x000001a6       0x2d ./Drivers/STM32F1xx_HAL_Driver/Src/stm32f1xx_hal_dma.o
 .ARM.attributes
                0x000001d3       0x2d ./Drivers/STM32F1xx_HAL_Driver/Src/stm32f1xx_hal_gpio.o
 .ARM.attributes
                0x00000200       0x2d ./Drivers/STM32F1xx_HAL_Driver/Src/stm32f1xx_hal_pcd.o
 .ARM.attributes
                0x0000022d       0x2d ./Drivers/STM32F1xx_HAL_Driver/Src/stm32f1xx_hal_pcd_ex.o
 .ARM.attributes
                0x0000025a       0x2d ./Drivers/STM32F1xx_HAL_Driver/Src/stm32f1xx_hal_rcc.o
 .ARM.attributes
                0x00000287       0x2d ./Drivers/STM32F1xx_HAL_Driver/Src/stm32f1xx_hal_rcc_ex.o
 .ARM.attributes
                0x000002b4       0x2d ./Drivers/STM32F1xx_HAL_Driver/Src/stm32f1xx_hal_uart.o
 .ARM.attributes
                0x000002e1       0x2d ./Drivers/STM32F1xx_HAL_Driver/Src/stm32f1xx_ll_usb.o
 .ARM.attributes
                0x0000030e       0x2d ./Middlewares/ST/STM32_USB_Device_Library/Class/CDC/Src/usbd_cdc.o
 .ARM.attributes
                0x0000033b       0x2d ./Middlewares/ST/STM32_USB_Device_Library/Core/Src/usbd_core.o
 .ARM.attributes
                0x00000368       0x2d ./Middlewares/ST/STM32_USB_Device_Library/Core/Src/usbd_ctlreq.o
 .ARM.attributes
                0x00000395       0x2d ./Middlewares/ST/STM32_USB_Device_Library/Core/Src/usbd_ioreq.o
 .ARM.attributes
                0x000003c2       0x2d ./USB_DEVICE/App/usb_device.o
 .ARM.attributes
                0x000003ef       0x2d ./USB_DEVICE/App/usbd_cdc_if.o
 .ARM.attributes
                0x0000041c       0x2d ./USB_DEVICE/App/usbd_desc.o
 .ARM.attributes
                0x00000449       0x2d ./USB_DEVICE/Target/usbd_conf.o
 .ARM.attributes
                0x00000476       0x2d C:/ST/STM32CubeIDE_1.14.0/STM32CubeIDE/plugins/com.st.stm32cube.ide.mcu.externaltools.gnu-tools-for-stm32.12.3.rel1.win32_1.0.100.202403111256/tools/bin/../lib/gcc/arm-none-eabi/12.3.1/../../../../arm-none-eabi/lib/thumb/v7-m/nofp\libc_nano.a(libc_a-memset.o)
 .ARM.attributes
                0x000004a3       0x2d C:/ST/STM32CubeIDE_1.14.0/STM32CubeIDE/plugins/com.st.stm32cube.ide.mcu.externaltools.gnu-tools-for-stm32.12.3.rel1.win32_1.0.100.202403111256/tools/bin/../lib/gcc/arm-none-eabi/12.3.1/../../../../arm-none-eabi/lib/thumb/v7-m/nofp\libc_nano.a(libc_a-init.o)
 .ARM.attributes
                0x000004d0       0x17 C:/ST/STM32CubeIDE_1.14.0/STM32CubeIDE/plugins/com.st.stm32cube.ide.mcu.externaltools.gnu-tools-for-stm32.12.3.rel1.win32_1.0.100.202403111256/tools/bin/../lib/gcc/arm-none-eabi/12.3.1/../../../../arm-none-eabi/lib/thumb/v7-m/nofp\libc_nano.a(libc_a-strlen.o)
 .ARM.attributes
                0x000004e7       0x1d C:/ST/STM32CubeIDE_1.14.0/STM32CubeIDE/plugins/com.st.stm32cube.ide.mcu.externaltools.gnu-tools-for-stm32.12.3.rel1.win32_1.0.100.202403111256/tools/bin/../lib/gcc/arm-none-eabi/12.3.1/thumb/v7-m/nofp/crtn.o
OUTPUT(fingerprint_v100_6_2.elf elf32-littlearm)
LOAD linker stubs
LOAD C:/ST/STM32CubeIDE_1.14.0/STM32CubeIDE/plugins/com.st.stm32cube.ide.mcu.externaltools.gnu-tools-for-stm32.12.3.rel1.win32_1.0.100.202403111256/tools/bin/../lib/gcc/arm-none-eabi/12.3.1/../../../../arm-none-eabi/lib/thumb/v7-m/nofp\libc.a
LOAD C:/ST/STM32CubeIDE_1.14.0/STM32CubeIDE/plugins/com.st.stm32cube.ide.mcu.externaltools.gnu-tools-for-stm32.12.3.rel1.win32_1.0.100.202403111256/tools/bin/../lib/gcc/arm-none-eabi/12.3.1/../../../../arm-none-eabi/lib/thumb/v7-m/nofp\libm.a
LOAD C:/ST/STM32CubeIDE_1.14.0/STM32CubeIDE/plugins/com.st.stm32cube.ide.mcu.externaltools.gnu-tools-for-stm32.12.3.rel1.win32_1.0.100.202403111256/tools/bin/../lib/gcc/arm-none-eabi/12.3.1/thumb/v7-m/nofp\libgcc.a

.debug_info     0x00000000    0x1150b
 .debug_info    0x00000000      0xaf1 ./Core/Src/fp_interface.o
 .debug_info    0x00000af1     0x100f ./Core/Src/main.o
 .debug_info    0x00001b00      0x9c1 ./Core/Src/stm32f1xx_hal_msp.o
 .debug_info    0x000024c1      0xa7e ./Core/Src/stm32f1xx_it.o
 .debug_info    0x00002f3f      0x222 ./Core/Src/system_stm32f1xx.o
 .debug_info    0x00003161       0x30 ./Core/Startup/startup_stm32f103c8tx.o
 .debug_info    0x00003191      0x704 ./Drivers/STM32F1xx_HAL_Driver/Src/stm32f1xx_hal.o
 .debug_info    0x00003895      0xa87 ./Drivers/STM32F1xx_HAL_Driver/Src/stm32f1xx_hal_cortex.o
 .debug_info    0x0000431c      0x6d2 ./Drivers/STM32F1xx_HAL_Driver/Src/stm32f1xx_hal_dma.o
 .debug_info    0x000049ee      0x5ab ./Drivers/STM32F1xx_HAL_Driver/Src/stm32f1xx_hal_gpio.o
 .debug_info    0x00004f99     0x16cf ./Drivers/STM32F1xx_HAL_Driver/Src/stm32f1xx_hal_pcd.o
 .debug_info    0x00006668      0x6b6 ./Drivers/STM32F1xx_HAL_Driver/Src/stm32f1xx_hal_pcd_ex.o
 .debug_info    0x00006d1e      0x7d5 ./Drivers/STM32F1xx_HAL_Driver/Src/stm32f1xx_hal_rcc.o
 .debug_info    0x000074f3      0x3c0 ./Drivers/STM32F1xx_HAL_Driver/Src/stm32f1xx_hal_rcc_ex.o
 .debug_info    0x000078b3     0x2fa8 ./Drivers/STM32F1xx_HAL_Driver/Src/stm32f1xx_hal_uart.o
 .debug_info    0x0000a85b     0x17a2 ./Drivers/STM32F1xx_HAL_Driver/Src/stm32f1xx_ll_usb.o
 .debug_info    0x0000bffd     0x1036 ./Middlewares/ST/STM32_USB_Device_Library/Class/CDC/Src/usbd_cdc.o
 .debug_info    0x0000d033      0xa52 ./Middlewares/ST/STM32_USB_Device_Library/Core/Src/usbd_core.o
 .debug_info    0x0000da85      0x91c ./Middlewares/ST/STM32_USB_Device_Library/Core/Src/usbd_ctlreq.o
 .debug_info    0x0000e3a1      0x6a0 ./Middlewares/ST/STM32_USB_Device_Library/Core/Src/usbd_ioreq.o
 .debug_info    0x0000ea41      0x63d ./USB_DEVICE/App/usb_device.o
 .debug_info    0x0000f07e      0x7ec ./USB_DEVICE/App/usbd_cdc_if.o
 .debug_info    0x0000f86a      0x44a ./USB_DEVICE/App/usbd_desc.o
 .debug_info    0x0000fcb4     0x1857 ./USB_DEVICE/Target/usbd_conf.o

.debug_abbrev   0x00000000     0x336d
 .debug_abbrev  0x00000000      0x30a ./Core/Src/fp_interface.o
 .debug_abbrev  0x0000030a      0x30f ./Core/Src/main.o
 .debug_abbrev  0x00000619      0x1ca ./Core/Src/stm32f1xx_hal_msp.o
 .debug_abbrev  0x000007e3      0x1d0 ./Core/Src/stm32f1xx_it.o
 .debug_abbrev  0x000009b3      0x13f ./Core/Src/system_stm32f1xx.o
 .debug_abbrev  0x00000af2       0x24 ./Core/Startup/startup_stm32f103c8tx.o
 .debug_abbrev  0x00000b16      0x201 ./Drivers/STM32F1xx_HAL_Driver/Src/stm32f1xx_hal.o
 .debug_abbrev  0x00000d17      0x2f8 ./Drivers/STM32F1xx_HAL_Driver/Src/stm32f1xx_hal_cortex.o
 .debug_abbrev  0x0000100f      0x20b ./Drivers/STM32F1xx_HAL_Driver/Src/stm32f1xx_hal_dma.o
 .debug_abbrev  0x0000121a      0x1ca ./Drivers/STM32F1xx_HAL_Driver/Src/stm32f1xx_hal_gpio.o
 .debug_abbrev  0x000013e4      0x2d6 ./Drivers/STM32F1xx_HAL_Driver/Src/stm32f1xx_hal_pcd.o
 .debug_abbrev  0x000016ba      0x189 ./Drivers/STM32F1xx_HAL_Driver/Src/stm32f1xx_hal_pcd_ex.o
 .debug_abbrev  0x00001843      0x2b3 ./Drivers/STM32F1xx_HAL_Driver/Src/stm32f1xx_hal_rcc.o
 .debug_abbrev  0x00001af6      0x188 ./Drivers/STM32F1xx_HAL_Driver/Src/stm32f1xx_hal_rcc_ex.o
 .debug_abbrev  0x00001c7e      0x2f8 ./Drivers/STM32F1xx_HAL_Driver/Src/stm32f1xx_hal_uart.o
 .debug_abbrev  0x00001f76      0x1de ./Drivers/STM32F1xx_HAL_Driver/Src/stm32f1xx_ll_usb.o
 .debug_abbrev  0x00002154      0x2d3 ./Middlewares/ST/STM32_USB_Device_Library/Class/CDC/Src/usbd_cdc.o
 .debug_abbrev  0x00002427      0x24a ./Middlewares/ST/STM32_USB_Device_Library/Core/Src/usbd_core.o
 .debug_abbrev  0x00002671      0x26b ./Middlewares/ST/STM32_USB_Device_Library/Core/Src/usbd_ctlreq.o
 .debug_abbrev  0x000028dc      0x192 ./Middlewares/ST/STM32_USB_Device_Library/Core/Src/usbd_ioreq.o
 .debug_abbrev  0x00002a6e      0x18d ./USB_DEVICE/App/usb_device.o
 .debug_abbrev  0x00002bfb      0x25d ./USB_DEVICE/App/usbd_cdc_if.o
 .debug_abbrev  0x00002e58      0x1ff ./USB_DEVICE/App/usbd_desc.o
 .debug_abbrev  0x00003057      0x316 ./USB_DEVICE/Target/usbd_conf.o

.debug_aranges  0x00000000      0xdd0
 .debug_aranges
                0x00000000       0x90 ./Core/Src/fp_interface.o
 .debug_aranges
                0x00000090       0x58 ./Core/Src/main.o
 .debug_aranges
                0x000000e8       0x30 ./Core/Src/stm32f1xx_hal_msp.o
 .debug_aranges
                0x00000118       0x80 ./Core/Src/stm32f1xx_it.o
 .debug_aranges
                0x00000198       0x28 ./Core/Src/system_stm32f1xx.o
 .debug_aranges
                0x000001c0       0x28 ./Core/Startup/startup_stm32f103c8tx.o
 .debug_aranges
                0x000001e8       0xe0 ./Drivers/STM32F1xx_HAL_Driver/Src/stm32f1xx_hal.o
 .debug_aranges
                0x000002c8      0x100 ./Drivers/STM32F1xx_HAL_Driver/Src/stm32f1xx_hal_cortex.o
 .debug_aranges
                0x000003c8       0x80 ./Drivers/STM32F1xx_HAL_Driver/Src/stm32f1xx_hal_dma.o
 .debug_aranges
                0x00000448       0x58 ./Drivers/STM32F1xx_HAL_Driver/Src/stm32f1xx_hal_gpio.o
 .debug_aranges
                0x000004a0      0x140 ./Drivers/STM32F1xx_HAL_Driver/Src/stm32f1xx_hal_pcd.o
 .debug_aranges
                0x000005e0       0x38 ./Drivers/STM32F1xx_HAL_Driver/Src/stm32f1xx_hal_pcd_ex.o
 .debug_aranges
                0x00000618       0x90 ./Drivers/STM32F1xx_HAL_Driver/Src/stm32f1xx_hal_rcc.o
 .debug_aranges
                0x000006a8       0x30 ./Drivers/STM32F1xx_HAL_Driver/Src/stm32f1xx_hal_rcc_ex.o
 .debug_aranges
                0x000006d8      0x208 ./Drivers/STM32F1xx_HAL_Driver/Src/stm32f1xx_hal_uart.o
 .debug_aranges
                0x000008e0       0xf8 ./Drivers/STM32F1xx_HAL_Driver/Src/stm32f1xx_ll_usb.o
 .debug_aranges
                0x000009d8       0x90 ./Middlewares/ST/STM32_USB_Device_Library/Class/CDC/Src/usbd_cdc.o
 .debug_aranges
                0x00000a68       0xb8 ./Middlewares/ST/STM32_USB_Device_Library/Core/Src/usbd_core.o
 .debug_aranges
                0x00000b20       0x88 ./Middlewares/ST/STM32_USB_Device_Library/Core/Src/usbd_ctlreq.o
 .debug_aranges
                0x00000ba8       0x50 ./Middlewares/ST/STM32_USB_Device_Library/Core/Src/usbd_ioreq.o
 .debug_aranges
                0x00000bf8       0x20 ./USB_DEVICE/App/usb_device.o
 .debug_aranges
                0x00000c18       0x40 ./USB_DEVICE/App/usbd_cdc_if.o
 .debug_aranges
                0x00000c58       0x60 ./USB_DEVICE/App/usbd_desc.o
 .debug_aranges
                0x00000cb8      0x118 ./USB_DEVICE/Target/usbd_conf.o

.debug_rnglists
                0x00000000      0xa5a
 .debug_rnglists
                0x00000000       0x69 ./Core/Src/fp_interface.o
 .debug_rnglists
                0x00000069       0x40 ./Core/Src/main.o
 .debug_rnglists
                0x000000a9       0x20 ./Core/Src/stm32f1xx_hal_msp.o
 .debug_rnglists
                0x000000c9       0x5b ./Core/Src/stm32f1xx_it.o
 .debug_rnglists
                0x00000124       0x1a ./Core/Src/system_stm32f1xx.o
 .debug_rnglists
                0x0000013e       0x19 ./Core/Startup/startup_stm32f103c8tx.o
 .debug_rnglists
                0x00000157       0xa3 ./Drivers/STM32F1xx_HAL_Driver/Src/stm32f1xx_hal.o
 .debug_rnglists
                0x000001fa       0xbb ./Drivers/STM32F1xx_HAL_Driver/Src/stm32f1xx_hal_cortex.o
 .debug_rnglists
                0x000002b5       0x64 ./Drivers/STM32F1xx_HAL_Driver/Src/stm32f1xx_hal_dma.o
 .debug_rnglists
                0x00000319       0x3f ./Drivers/STM32F1xx_HAL_Driver/Src/stm32f1xx_hal_gpio.o
 .debug_rnglists
                0x00000358       0xf4 ./Drivers/STM32F1xx_HAL_Driver/Src/stm32f1xx_hal_pcd.o
 .debug_rnglists
                0x0000044c       0x26 ./Drivers/STM32F1xx_HAL_Driver/Src/stm32f1xx_hal_pcd_ex.o
 .debug_rnglists
                0x00000472       0x6c ./Drivers/STM32F1xx_HAL_Driver/Src/stm32f1xx_hal_rcc.o
 .debug_rnglists
                0x000004de       0x21 ./Drivers/STM32F1xx_HAL_Driver/Src/stm32f1xx_hal_rcc_ex.o
 .debug_rnglists
                0x000004ff      0x1bc ./Drivers/STM32F1xx_HAL_Driver/Src/stm32f1xx_hal_uart.o
 .debug_rnglists
                0x000006bb       0xbd ./Drivers/STM32F1xx_HAL_Driver/Src/stm32f1xx_ll_usb.o
 .debug_rnglists
                0x00000778       0x6a ./Middlewares/ST/STM32_USB_Device_Library/Class/CDC/Src/usbd_cdc.o
 .debug_rnglists
                0x000007e2       0x89 ./Middlewares/ST/STM32_USB_Device_Library/Core/Src/usbd_core.o
 .debug_rnglists
                0x0000086b       0x68 ./Middlewares/ST/STM32_USB_Device_Library/Core/Src/usbd_ctlreq.o
 .debug_rnglists
                0x000008d3       0x37 ./Middlewares/ST/STM32_USB_Device_Library/Core/Src/usbd_ioreq.o
 .debug_rnglists
                0x0000090a       0x13 ./USB_DEVICE/App/usb_device.o
 .debug_rnglists
                0x0000091d       0x2c ./USB_DEVICE/App/usbd_cdc_if.o
 .debug_rnglists
                0x00000949       0x43 ./USB_DEVICE/App/usbd_desc.o
 .debug_rnglists
                0x0000098c       0xce ./USB_DEVICE/Target/usbd_conf.o

.debug_macro    0x00000000    0x19e74
 .debug_macro   0x00000000      0x374 ./Core/Src/fp_interface.o
 .debug_macro   0x00000374      0xaa8 ./Core/Src/fp_interface.o
 .debug_macro   0x00000e1c      0x21b ./Core/Src/fp_interface.o
 .debug_macro   0x00001037       0x2e ./Core/Src/fp_interface.o
 .debug_macro   0x00001065       0x22 ./Core/Src/fp_interface.o
 .debug_macro   0x00001087       0x22 ./Core/Src/fp_interface.o
 .debug_macro   0x000010a9       0x8e ./Core/Src/fp_interface.o
 .debug_macro   0x00001137       0x51 ./Core/Src/fp_interface.o
 .debug_macro   0x00001188      0x103 ./Core/Src/fp_interface.o
 .debug_macro   0x0000128b       0x6a ./Core/Src/fp_interface.o
 .debug_macro   0x000012f5      0x1df ./Core/Src/fp_interface.o
 .debug_macro   0x000014d4       0x1c ./Core/Src/fp_interface.o
 .debug_macro   0x000014f0       0x22 ./Core/Src/fp_interface.o
 .debug_macro   0x00001512       0xbd ./Core/Src/fp_interface.o
 .debug_macro   0x000015cf      0xd23 ./Core/Src/fp_interface.o
 .debug_macro   0x000022f2     0xe09e ./Core/Src/fp_interface.o
 .debug_macro   0x00010390       0x6d ./Core/Src/fp_interface.o
 .debug_macro   0x000103fd     0x348d ./Core/Src/fp_interface.o
 .debug_macro   0x0001388a      0x189 ./Core/Src/fp_interface.o
 .debug_macro   0x00013a13       0x5c ./Core/Src/fp_interface.o
 .debug_macro   0x00013a6f      0x5bc ./Core/Src/fp_interface.o
 .debug_macro   0x0001402b      0x289 ./Core/Src/fp_interface.o
 .debug_macro   0x000142b4      0x1cb ./Core/Src/fp_interface.o
 .debug_macro   0x0001447f      0x114 ./Core/Src/fp_interface.o
 .debug_macro   0x00014593      0x1b2 ./Core/Src/fp_interface.o
 .debug_macro   0x00014745       0x27 ./Core/Src/fp_interface.o
 .debug_macro   0x0001476c      0x136 ./Core/Src/fp_interface.o
 .debug_macro   0x000148a2      0x1bc ./Core/Src/fp_interface.o
 .debug_macro   0x00014a5e       0x34 ./Core/Src/fp_interface.o
 .debug_macro   0x00014a92       0x3c ./Core/Src/fp_interface.o
 .debug_macro   0x00014ace       0x57 ./Core/Src/fp_interface.o
 .debug_macro   0x00014b25       0x87 ./Core/Src/fp_interface.o
 .debug_macro   0x00014bac      0x240 ./Core/Src/fp_interface.o
 .debug_macro   0x00014dec      0x140 ./Core/Src/fp_interface.o
 .debug_macro   0x00014f2c      0x28e ./Core/Src/fp_interface.o
 .debug_macro   0x000151ba       0xab ./Core/Src/fp_interface.o
 .debug_macro   0x00015265      0x242 ./Core/Src/fp_interface.o
 .debug_macro   0x000154a7       0x83 ./Core/Src/fp_interface.o
 .debug_macro   0x0001552a       0xb2 ./Core/Src/fp_interface.o
 .debug_macro   0x000155dc       0x61 ./Core/Src/fp_interface.o
 .debug_macro   0x0001563d       0x24 ./Core/Src/fp_interface.o
 .debug_macro   0x00015661       0x43 ./Core/Src/fp_interface.o
 .debug_macro   0x000156a4       0x34 ./Core/Src/fp_interface.o
 .debug_macro   0x000156d8       0x16 ./Core/Src/fp_interface.o
 .debug_macro   0x000156ee       0x35 ./Core/Src/fp_interface.o
 .debug_macro   0x00015723      0x369 ./Core/Src/fp_interface.o
 .debug_macro   0x00015a8c       0x10 ./Core/Src/fp_interface.o
 .debug_macro   0x00015a9c       0x16 ./Core/Src/fp_interface.o
 .debug_macro   0x00015ab2       0x43 ./Core/Src/fp_interface.o
 .debug_macro   0x00015af5       0x34 ./Core/Src/fp_interface.o
 .debug_macro   0x00015b29       0x10 ./Core/Src/fp_interface.o
 .debug_macro   0x00015b39       0x58 ./Core/Src/fp_interface.o
 .debug_macro   0x00015b91       0x8e ./Core/Src/fp_interface.o
 .debug_macro   0x00015c1f       0x1c ./Core/Src/fp_interface.o
 .debug_macro   0x00015c3b      0x177 ./Core/Src/fp_interface.o
 .debug_macro   0x00015db2       0x16 ./Core/Src/fp_interface.o
 .debug_macro   0x00015dc8       0x16 ./Core/Src/fp_interface.o
 .debug_macro   0x00015dde      0x146 ./Core/Src/fp_interface.o
 .debug_macro   0x00015f24       0x16 ./Core/Src/fp_interface.o
 .debug_macro   0x00015f3a       0x16 ./Core/Src/fp_interface.o
 .debug_macro   0x00015f50       0x29 ./Core/Src/fp_interface.o
 .debug_macro   0x00015f79       0x16 ./Core/Src/fp_interface.o
 .debug_macro   0x00015f8f       0x20 ./Core/Src/fp_interface.o
 .debug_macro   0x00015faf       0x5f ./Core/Src/fp_interface.o
 .debug_macro   0x0001600e      0x1c8 ./Core/Src/fp_interface.o
 .debug_macro   0x000161d6       0x8f ./Core/Src/fp_interface.o
 .debug_macro   0x00016265       0x10 ./Core/Src/fp_interface.o
 .debug_macro   0x00016275      0x1de ./Core/Src/fp_interface.o
 .debug_macro   0x00016453      0x3d0 ./Core/Src/main.o
 .debug_macro   0x00016823      0x1c1 ./Core/Src/stm32f1xx_hal_msp.o
 .debug_macro   0x000169e4      0x1cb ./Core/Src/stm32f1xx_it.o
 .debug_macro   0x00016baf      0x1b2 ./Core/Src/system_stm32f1xx.o
 .debug_macro   0x00016d61      0x1d6 ./Drivers/STM32F1xx_HAL_Driver/Src/stm32f1xx_hal.o
 .debug_macro   0x00016f37      0x1b2 ./Drivers/STM32F1xx_HAL_Driver/Src/stm32f1xx_hal_cortex.o
 .debug_macro   0x000170e9      0x1b2 ./Drivers/STM32F1xx_HAL_Driver/Src/stm32f1xx_hal_dma.o
 .debug_macro   0x0001729b      0x21d ./Drivers/STM32F1xx_HAL_Driver/Src/stm32f1xx_hal_gpio.o
 .debug_macro   0x000174b8      0x1be ./Drivers/STM32F1xx_HAL_Driver/Src/stm32f1xx_hal_pcd.o
 .debug_macro   0x00017676      0x1b2 ./Drivers/STM32F1xx_HAL_Driver/Src/stm32f1xx_hal_pcd_ex.o
 .debug_macro   0x00017828      0x1c4 ./Drivers/STM32F1xx_HAL_Driver/Src/stm32f1xx_hal_rcc.o
 .debug_macro   0x000179ec      0x1b2 ./Drivers/STM32F1xx_HAL_Driver/Src/stm32f1xx_hal_rcc_ex.o
 .debug_macro   0x00017b9e      0x1b3 ./Drivers/STM32F1xx_HAL_Driver/Src/stm32f1xx_hal_uart.o
 .debug_macro   0x00017d51      0x1b2 ./Drivers/STM32F1xx_HAL_Driver/Src/stm32f1xx_ll_usb.o
 .debug_macro   0x00017f03      0x350 ./Middlewares/ST/STM32_USB_Device_Library/Class/CDC/Src/usbd_cdc.o
 .debug_macro   0x00018253       0x9e ./Middlewares/ST/STM32_USB_Device_Library/Class/CDC/Src/usbd_cdc.o
 .debug_macro   0x000182f1      0x10b ./Middlewares/ST/STM32_USB_Device_Library/Class/CDC/Src/usbd_cdc.o
 .debug_macro   0x000183fc       0x56 ./Middlewares/ST/STM32_USB_Device_Library/Class/CDC/Src/usbd_cdc.o
 .debug_macro   0x00018452      0x337 ./Middlewares/ST/STM32_USB_Device_Library/Core/Src/usbd_core.o
 .debug_macro   0x00018789      0x1ce ./Middlewares/ST/STM32_USB_Device_Library/Core/Src/usbd_core.o
 .debug_macro   0x00018957      0x341 ./Middlewares/ST/STM32_USB_Device_Library/Core/Src/usbd_ctlreq.o
 .debug_macro   0x00018c98      0x33d ./Middlewares/ST/STM32_USB_Device_Library/Core/Src/usbd_ioreq.o
 .debug_macro   0x00018fd5      0x370 ./USB_DEVICE/App/usb_device.o
 .debug_macro   0x00019345       0xb8 ./USB_DEVICE/App/usb_device.o
 .debug_macro   0x000193fd       0x22 ./USB_DEVICE/App/usb_device.o
 .debug_macro   0x0001941f       0x16 ./USB_DEVICE/App/usb_device.o
 .debug_macro   0x00019435      0x35b ./USB_DEVICE/App/usbd_cdc_if.o
 .debug_macro   0x00019790      0x374 ./USB_DEVICE/App/usbd_desc.o
 .debug_macro   0x00019b04       0x1c ./USB_DEVICE/App/usbd_desc.o
 .debug_macro   0x00019b20      0x354 ./USB_DEVICE/Target/usbd_conf.o

.debug_line     0x00000000    0x12ee8
 .debug_line    0x00000000      0xd3c ./Core/Src/fp_interface.o
 .debug_line    0x00000d3c      0xe0c ./Core/Src/main.o
 .debug_line    0x00001b48      0x7ac ./Core/Src/stm32f1xx_hal_msp.o
 .debug_line    0x000022f4      0x838 ./Core/Src/stm32f1xx_it.o
 .debug_line    0x00002b2c      0x799 ./Core/Src/system_stm32f1xx.o
 .debug_line    0x000032c5       0x78 ./Core/Startup/startup_stm32f103c8tx.o
 .debug_line    0x0000333d      0x9c6 ./Drivers/STM32F1xx_HAL_Driver/Src/stm32f1xx_hal.o
 .debug_line    0x00003d03      0xbb2 ./Drivers/STM32F1xx_HAL_Driver/Src/stm32f1xx_hal_cortex.o
 .debug_line    0x000048b5      0xe1f ./Drivers/STM32F1xx_HAL_Driver/Src/stm32f1xx_hal_dma.o
 .debug_line    0x000056d4      0xa5f ./Drivers/STM32F1xx_HAL_Driver/Src/stm32f1xx_hal_gpio.o
 .debug_line    0x00006133     0x1421 ./Drivers/STM32F1xx_HAL_Driver/Src/stm32f1xx_hal_pcd.o
 .debug_line    0x00007554      0x794 ./Drivers/STM32F1xx_HAL_Driver/Src/stm32f1xx_hal_pcd_ex.o
 .debug_line    0x00007ce8      0xdcf ./Drivers/STM32F1xx_HAL_Driver/Src/stm32f1xx_hal_rcc.o
 .debug_line    0x00008ab7      0x910 ./Drivers/STM32F1xx_HAL_Driver/Src/stm32f1xx_hal_rcc_ex.o
 .debug_line    0x000093c7     0x290f ./Drivers/STM32F1xx_HAL_Driver/Src/stm32f1xx_hal_uart.o
 .debug_line    0x0000bcd6     0x1097 ./Drivers/STM32F1xx_HAL_Driver/Src/stm32f1xx_ll_usb.o
 .debug_line    0x0000cd6d      0xd1e ./Middlewares/ST/STM32_USB_Device_Library/Class/CDC/Src/usbd_cdc.o
 .debug_line    0x0000da8b      0xd9a ./Middlewares/ST/STM32_USB_Device_Library/Core/Src/usbd_core.o
 .debug_line    0x0000e825      0xfda ./Middlewares/ST/STM32_USB_Device_Library/Core/Src/usbd_ctlreq.o
 .debug_line    0x0000f7ff      0xa30 ./Middlewares/ST/STM32_USB_Device_Library/Core/Src/usbd_ioreq.o
 .debug_line    0x0001022f      0x9f0 ./USB_DEVICE/App/usb_device.o
 .debug_line    0x00010c1f      0xa38 ./USB_DEVICE/App/usbd_cdc_if.o
 .debug_line    0x00011657      0xab9 ./USB_DEVICE/App/usbd_desc.o
 .debug_line    0x00012110      0xdd8 ./USB_DEVICE/Target/usbd_conf.o

.debug_str      0x00000000    0x87bf5
 .debug_str     0x00000000    0x844e9 ./Core/Src/fp_interface.o
                              0x848fa (size before relaxing)
 .debug_str     0x000844e9      0x7f7 ./Core/Src/main.o
                              0x85010 (size before relaxing)
 .debug_str     0x00084ce0       0xa2 ./Core/Src/stm32f1xx_hal_msp.o
                              0x7fce8 (size before relaxing)
 .debug_str     0x00084d82      0x42c ./Core/Src/stm32f1xx_it.o
                              0x7fd0b (size before relaxing)
 .debug_str     0x000851ae       0x7e ./Core/Src/system_stm32f1xx.o
                              0x7f2f0 (size before relaxing)
 .debug_str     0x0008522c       0x44 ./Core/Startup/startup_stm32f103c8tx.o
                                 0x97 (size before relaxing)
 .debug_str     0x00085270      0x378 ./Drivers/STM32F1xx_HAL_Driver/Src/stm32f1xx_hal.o
                              0x7fa23 (size before relaxing)
 .debug_str     0x000855e8      0x26c ./Drivers/STM32F1xx_HAL_Driver/Src/stm32f1xx_hal_cortex.o
                              0x7f96f (size before relaxing)
 .debug_str     0x00085854      0x23a ./Drivers/STM32F1xx_HAL_Driver/Src/stm32f1xx_hal_dma.o
                              0x7f699 (size before relaxing)
 .debug_str     0x00085a8e      0x284 ./Drivers/STM32F1xx_HAL_Driver/Src/stm32f1xx_hal_gpio.o
                              0x7f676 (size before relaxing)
 .debug_str     0x00085d12      0x5bd ./Drivers/STM32F1xx_HAL_Driver/Src/stm32f1xx_hal_pcd.o
                              0x7fc02 (size before relaxing)
 .debug_str     0x000862cf      0x170 ./Drivers/STM32F1xx_HAL_Driver/Src/stm32f1xx_hal_pcd_ex.o
                              0x7f764 (size before relaxing)
 .debug_str     0x0008643f      0x229 ./Drivers/STM32F1xx_HAL_Driver/Src/stm32f1xx_hal_rcc.o
                              0x7f71f (size before relaxing)
 .debug_str     0x00086668       0x9f ./Drivers/STM32F1xx_HAL_Driver/Src/stm32f1xx_hal_rcc_ex.o
                              0x7f46f (size before relaxing)
 .debug_str     0x00086707      0x59e ./Drivers/STM32F1xx_HAL_Driver/Src/stm32f1xx_hal_uart.o
                              0x7fd90 (size before relaxing)
 .debug_str     0x00086ca5      0x129 ./Drivers/STM32F1xx_HAL_Driver/Src/stm32f1xx_ll_usb.o
                              0x7f7b6 (size before relaxing)
 .debug_str     0x00086dce      0x629 ./Middlewares/ST/STM32_USB_Device_Library/Class/CDC/Src/usbd_cdc.o
                              0x84431 (size before relaxing)
 .debug_str     0x000873f7      0x281 ./Middlewares/ST/STM32_USB_Device_Library/Core/Src/usbd_core.o
                              0x83d6c (size before relaxing)
 .debug_str     0x00087678      0x120 ./Middlewares/ST/STM32_USB_Device_Library/Core/Src/usbd_ctlreq.o
                              0x83c86 (size before relaxing)
 .debug_str     0x00087798       0x51 ./Middlewares/ST/STM32_USB_Device_Library/Core/Src/usbd_ioreq.o
                              0x83bb3 (size before relaxing)
 .debug_str     0x000877e9       0xc6 ./USB_DEVICE/App/usb_device.o
                              0x83f3e (size before relaxing)
 .debug_str     0x000878af       0x76 ./USB_DEVICE/App/usbd_cdc_if.o
                              0x83f64 (size before relaxing)
 .debug_str     0x00087925      0x258 ./USB_DEVICE/App/usbd_desc.o
                              0x83aef (size before relaxing)
 .debug_str     0x00087b7d       0x78 ./USB_DEVICE/Target/usbd_conf.o
                              0x849be (size before relaxing)

.comment        0x00000000       0x43
 .comment       0x00000000       0x43 ./Core/Src/fp_interface.o
                                 0x44 (size before relaxing)
 .comment       0x00000043       0x44 ./Core/Src/main.o
 .comment       0x00000043       0x44 ./Core/Src/stm32f1xx_hal_msp.o
 .comment       0x00000043       0x44 ./Core/Src/stm32f1xx_it.o
 .comment       0x00000043       0x44 ./Core/Src/system_stm32f1xx.o
 .comment       0x00000043       0x44 ./Drivers/STM32F1xx_HAL_Driver/Src/stm32f1xx_hal.o
 .comment       0x00000043       0x44 ./Drivers/STM32F1xx_HAL_Driver/Src/stm32f1xx_hal_cortex.o
 .comment       0x00000043       0x44 ./Drivers/STM32F1xx_HAL_Driver/Src/stm32f1xx_hal_dma.o
 .comment       0x00000043       0x44 ./Drivers/STM32F1xx_HAL_Driver/Src/stm32f1xx_hal_gpio.o
 .comment       0x00000043       0x44 ./Drivers/STM32F1xx_HAL_Driver/Src/stm32f1xx_hal_pcd.o
 .comment       0x00000043       0x44 ./Drivers/STM32F1xx_HAL_Driver/Src/stm32f1xx_hal_pcd_ex.o
 .comment       0x00000043       0x44 ./Drivers/STM32F1xx_HAL_Driver/Src/stm32f1xx_hal_rcc.o
 .comment       0x00000043       0x44 ./Drivers/STM32F1xx_HAL_Driver/Src/stm32f1xx_hal_rcc_ex.o
 .comment       0x00000043       0x44 ./Drivers/STM32F1xx_HAL_Driver/Src/stm32f1xx_hal_uart.o
 .comment       0x00000043       0x44 ./Drivers/STM32F1xx_HAL_Driver/Src/stm32f1xx_ll_usb.o
 .comment       0x00000043       0x44 ./Middlewares/ST/STM32_USB_Device_Library/Class/CDC/Src/usbd_cdc.o
 .comment       0x00000043       0x44 ./Middlewares/ST/STM32_USB_Device_Library/Core/Src/usbd_core.o
 .comment       0x00000043       0x44 ./Middlewares/ST/STM32_USB_Device_Library/Core/Src/usbd_ctlreq.o
 .comment       0x00000043       0x44 ./Middlewares/ST/STM32_USB_Device_Library/Core/Src/usbd_ioreq.o
 .comment       0x00000043       0x44 ./USB_DEVICE/App/usb_device.o
 .comment       0x00000043       0x44 ./USB_DEVICE/App/usbd_cdc_if.o
 .comment       0x00000043       0x44 ./USB_DEVICE/App/usbd_desc.o
 .comment       0x00000043       0x44 ./USB_DEVICE/Target/usbd_conf.o

.debug_frame    0x00000000     0x3690
 .debug_frame   0x00000000      0x234 ./Core/Src/fp_interface.o
 .debug_frame   0x00000234      0x11c ./Core/Src/main.o
 .debug_frame   0x00000350       0x7c ./Core/Src/stm32f1xx_hal_msp.o
 .debug_frame   0x000003cc      0x178 ./Core/Src/stm32f1xx_it.o
 .debug_frame   0x00000544       0x58 ./Core/Src/system_stm32f1xx.o
 .debug_frame   0x0000059c      0x334 ./Drivers/STM32F1xx_HAL_Driver/Src/stm32f1xx_hal.o
 .debug_frame   0x000008d0      0x428 ./Drivers/STM32F1xx_HAL_Driver/Src/stm32f1xx_hal_cortex.o
 .debug_frame   0x00000cf8      0x208 ./Drivers/STM32F1xx_HAL_Driver/Src/stm32f1xx_hal_dma.o
 .debug_frame   0x00000f00      0x14c ./Drivers/STM32F1xx_HAL_Driver/Src/stm32f1xx_hal_gpio.o
 .debug_frame   0x0000104c      0x59c ./Drivers/STM32F1xx_HAL_Driver/Src/stm32f1xx_hal_pcd.o
 .debug_frame   0x000015e8       0xb0 ./Drivers/STM32F1xx_HAL_Driver/Src/stm32f1xx_hal_pcd_ex.o
 .debug_frame   0x00001698      0x218 ./Drivers/STM32F1xx_HAL_Driver/Src/stm32f1xx_hal_rcc.o
 .debug_frame   0x000018b0       0x80 ./Drivers/STM32F1xx_HAL_Driver/Src/stm32f1xx_hal_rcc_ex.o
 .debug_frame   0x00001930      0x944 ./Drivers/STM32F1xx_HAL_Driver/Src/stm32f1xx_hal_uart.o
 .debug_frame   0x00002274      0x478 ./Drivers/STM32F1xx_HAL_Driver/Src/stm32f1xx_ll_usb.o
 .debug_frame   0x000026ec      0x248 ./Middlewares/ST/STM32_USB_Device_Library/Class/CDC/Src/usbd_cdc.o
 .debug_frame   0x00002934      0x300 ./Middlewares/ST/STM32_USB_Device_Library/Core/Src/usbd_core.o
 .debug_frame   0x00002c34      0x218 ./Middlewares/ST/STM32_USB_Device_Library/Core/Src/usbd_ctlreq.o
 .debug_frame   0x00002e4c      0x10c ./Middlewares/ST/STM32_USB_Device_Library/Core/Src/usbd_ioreq.o
 .debug_frame   0x00002f58       0x2c ./USB_DEVICE/App/usb_device.o
 .debug_frame   0x00002f84       0xbc ./USB_DEVICE/App/usbd_cdc_if.o
 .debug_frame   0x00003040      0x160 ./USB_DEVICE/App/usbd_desc.o
 .debug_frame   0x000031a0      0x4a4 ./USB_DEVICE/Target/usbd_conf.o
 .debug_frame   0x00003644       0x20 C:/ST/STM32CubeIDE_1.14.0/STM32CubeIDE/plugins/com.st.stm32cube.ide.mcu.externaltools.gnu-tools-for-stm32.12.3.rel1.win32_1.0.100.202403111256/tools/bin/../lib/gcc/arm-none-eabi/12.3.1/../../../../arm-none-eabi/lib/thumb/v7-m/nofp\libc_nano.a(libc_a-memset.o)
 .debug_frame   0x00003664       0x2c C:/ST/STM32CubeIDE_1.14.0/STM32CubeIDE/plugins/com.st.stm32cube.ide.mcu.externaltools.gnu-tools-for-stm32.12.3.rel1.win32_1.0.100.202403111256/tools/bin/../lib/gcc/arm-none-eabi/12.3.1/../../../../arm-none-eabi/lib/thumb/v7-m/nofp\libc_nano.a(libc_a-init.o)

.debug_line_str
                0x00000000       0x7b
 .debug_line_str
                0x00000000       0x7b ./Core/Startup/startup_stm32f103c8tx.o
