../Core/Src/fp_interface.c:17:6:fp_init	8	static
../Core/Src/fp_interface.c:43:6:write_directive_command	24	dynamic
../Core/Src/fp_interface.c:87:5:decode_rx_frame	32	dynamic
../Core/Src/fp_interface.c:21:5:PS_ReadSysPara	24	static
../Core/Src/fp_interface.c:30:10:PS_ValidTempleteNum	16	static
../Core/Src/fp_interface.c:197:10:PS_AutoEnroll	24	static
../Core/Src/fp_interface.c:215:10:PS_AutoIdentify	24	static
../Core/Src/fp_interface.c:235:5:PS_GetImage	16	static
../Core/Src/fp_interface.c:246:10:PS_Match	16	static
../Core/Src/fp_interface.c:259:9:PS_Empty	16	static
../Core/Src/fp_interface.c:271:6:flush_buff	16	static
../Core/Src/fp_interface.c:276:9:is_fp_detected	0	static
../Core/Src/fp_interface.c:279:6:clear_fp_flag	0	static
../Core/Src/fp_interface.c:309:6:HAL_GPIO_EXTI_Callback	0	static
